interactions:
- request:
    body: null
    headers:
      Accept: ['*/*']
      Accept-Encoding: ['gzip, deflate']
      Connection: [keep-alive]
      User-Agent: ['Mozilla/5.0 (Windows NT 6.1; WOW64; rv:43.0) Gecko/20100101 Firefox/43.0']
    method: GET
    uri: http://open.api.ebay.com/shopping?ItemID=121136837564&IncludeSelector=ShippingCosts&version=515&siteid=77&appid=RikuLind-3b6d-4c30-937c-6e7d87b5d8be&callname=GetSingleItem&responseencoding=JSON
  response:
    body: {string: !!python/unicode '{"Timestamp":"2015-12-28T13:16:19.529Z","Ack":"Success","Build":"E949_CORE_APILW_17769283_R1","Version":"949","Item":{"ItemID":"121136837564","EndTime":"2014-01-13T05:27:56.000Z","ViewItemURLForNaturalSearch":"http://www.ebay.de/itm/FiiO-E10-Portable-USB-DAC-Headphone-Amplifier-/121136837564","ListingType":"FixedPriceItem","Location":"hongkong","GalleryURL":"http://thumbs1.ebaystatic.com/pict/1211368375648080_1.jpg","PictureURL":["http://i.ebayimg.com/00/s/ODAwWDgwMA==/z/DqEAAOxyFiRR0opV/$(KGrHqZHJDoFHHiLcWjoBR0opU0l!g~~60_1.JPG?set_id=880000500F","http://i.ebayimg.com/00/s/ODAwWDgwMA==/z/5LIAAOxyn~pR0opU/$(KGrHqZHJ!4FHJO)!fo)BR0opT731g~~60_1.JPG?set_id=880000500F","http://i.ebayimg.com/00/s/NzcwWDEwMDA=/z/DpsAAOxyFiRR0opT/$(KGrHqVHJCEFHBBPr!EEBR0opTN2QQ~~60_1.JPG?set_id=880000500F","http://i.ebayimg.com/00/s/ODAwWDgwMA==/z/xhAAAMXQhpdR0opX/$T2eC16dHJIgFHR-nTWLKBR0op(Fgt!~~60_1.JPG?set_id=880000500F","http://i.ebayimg.com/00/s/ODMzWDEwMDA=/z/jfYAAMXQQtNR0opV/$(KGrHqJHJC!FG9ERBuu7BR0opUkNh!~~60_1.JPG?set_id=880000500F","http://i.ebayimg.com/00/s/NzQ3WDEwMDA=/z/6GUAAMXQb29R0opY/$(KGrHqVHJEwFG44+styQBR0op(uM!!~~60_1.JPG?set_id=880000500F","http://i.ebayimg.com/00/s/NjY3WDEwMDA=/z/9M8AAOxyOeBR0opU/$T2eC16NHJGQFFhy!oEN!BR0opUCn(w~~60_1.JPG?set_id=880000500F"],"PrimaryCategoryID":"163896","PrimaryCategoryName":"Musical
        Instruments & Gear:Pro Audio Equipment:Amplifiers","BidCount":0,"ConvertedCurrentPrice":{"Value":69.34,"CurrencyID":"EUR"},"ListingStatus":"Completed","TimeLeft":"PT0S","Title":"FiiO
        E10 Portable USB DAC Headphone Amplifier","ShippingCostSummary":{"ShippingServiceCost":{"Value":0.0,"CurrencyID":"EUR"},"ShippingType":"Flat","ListedShippingServiceCost":{"Value":0.0,"CurrencyID":"USD"}},"Country":"HK","AutoPay":false,"QuantityAvailableHint":"MoreThan","QuantityThreshold":10}}'}
    headers:
      cache-control: [no-cache]
      connection: [keep-alive]
      content-type: [text/plain;charset=utf-8]
      date: ['Mon, 28 Dec 2015 13:16:18 GMT']
      expires: ['Sat, 25 Dec 1999 00:00:00 GMT']
      guid: [151e8bb7-a680-a7ea-4567-a937c979e427]
      last-modified: ['Mon, 28 Dec 2015 13:16:19 GMT']
      pragma: [no-cache]
      server: [Apache-Coyote/1.1]
      x-ebay-api-build-tag: [E949_CORE_APILW_17769283_R1]
      x-ebay-api-pool-name: [___cDRidW9rdGZpdWY=]
      x-ebay-api-server-name: [___dWtgMGQ3MWYrZGFnPigyNSg2MTMoNTI8KDQ2Pz43OzU=]
      x-ebay-request-id: ['151e8bb7-a680-a7ea-4567-a937c979e427!shopping!10.126.164.86!esbshopping[]']
    status: {code: 200, message: OK}
- request:
    body: null
    headers:
      Accept: ['*/*']
      Accept-Encoding: ['gzip, deflate']
      Connection: [keep-alive]
      User-Agent: ['Mozilla/5.0 (Windows NT 6.1; WOW64; rv:43.0) Gecko/20100101 Firefox/43.0']
    method: GET
    uri: http://open.api.ebay.com/shopping?ItemID=121136837564&IncludeSelector=ShippingCosts&version=515&siteid=77&appid=RikuLind-3b6d-4c30-937c-6e7d87b5d8be&callname=GetSingleItem&responseencoding=JSON
  response:
    body: {string: !!python/unicode '{"Timestamp":"2015-12-29T08:15:38.435Z","Ack":"Success","Build":"E949_CORE_APILW_17769283_R1","Version":"949","Item":{"ItemID":"121136837564","EndTime":"2014-01-13T05:27:56.000Z","ViewItemURLForNaturalSearch":"http://www.ebay.de/itm/FiiO-E10-Portable-USB-DAC-Headphone-Amplifier-/121136837564","ListingType":"FixedPriceItem","Location":"hongkong","GalleryURL":"http://thumbs1.ebaystatic.com/pict/1211368375648080_1.jpg","PictureURL":["http://i.ebayimg.com/00/s/ODAwWDgwMA==/z/DqEAAOxyFiRR0opV/$(KGrHqZHJDoFHHiLcWjoBR0opU0l!g~~60_1.JPG?set_id=880000500F","http://i.ebayimg.com/00/s/ODAwWDgwMA==/z/5LIAAOxyn~pR0opU/$(KGrHqZHJ!4FHJO)!fo)BR0opT731g~~60_1.JPG?set_id=880000500F","http://i.ebayimg.com/00/s/NzcwWDEwMDA=/z/DpsAAOxyFiRR0opT/$(KGrHqVHJCEFHBBPr!EEBR0opTN2QQ~~60_1.JPG?set_id=880000500F","http://i.ebayimg.com/00/s/ODAwWDgwMA==/z/xhAAAMXQhpdR0opX/$T2eC16dHJIgFHR-nTWLKBR0op(Fgt!~~60_1.JPG?set_id=880000500F","http://i.ebayimg.com/00/s/ODMzWDEwMDA=/z/jfYAAMXQQtNR0opV/$(KGrHqJHJC!FG9ERBuu7BR0opUkNh!~~60_1.JPG?set_id=880000500F","http://i.ebayimg.com/00/s/NzQ3WDEwMDA=/z/6GUAAMXQb29R0opY/$(KGrHqVHJEwFG44+styQBR0op(uM!!~~60_1.JPG?set_id=880000500F","http://i.ebayimg.com/00/s/NjY3WDEwMDA=/z/9M8AAOxyOeBR0opU/$T2eC16NHJGQFFhy!oEN!BR0opUCn(w~~60_1.JPG?set_id=880000500F"],"PrimaryCategoryID":"163896","PrimaryCategoryName":"Musical
        Instruments & Gear:Pro Audio Equipment:Amplifiers","BidCount":0,"ConvertedCurrentPrice":{"Value":69.26,"CurrencyID":"EUR"},"ListingStatus":"Completed","TimeLeft":"PT0S","Title":"FiiO
        E10 Portable USB DAC Headphone Amplifier","ShippingCostSummary":{"ShippingServiceCost":{"Value":0.0,"CurrencyID":"EUR"},"ShippingType":"Flat","ListedShippingServiceCost":{"Value":0.0,"CurrencyID":"USD"}},"Country":"HK","AutoPay":false,"QuantityAvailableHint":"MoreThan","QuantityThreshold":10}}'}
    headers:
      cache-control: [no-cache]
      connection: [keep-alive]
      content-type: [text/plain;charset=utf-8]
      date: ['Tue, 29 Dec 2015 08:15:38 GMT']
      expires: ['Sat, 25 Dec 1999 00:00:00 GMT']
      guid: [151ecce8-da70-a7ea-4345-2c659856e12f]
      last-modified: ['Tue, 29 Dec 2015 08:15:38 GMT']
      pragma: [no-cache]
      server: [Apache-Coyote/1.1]
      x-ebay-api-build-tag: [E949_CORE_APILW_17769283_R1]
      x-ebay-api-pool-name: [___cDRidW9rdGZpdWY=]
      x-ebay-api-server-name: [___dWtgMWQ3MmYrY2YwPigyNSg+Nys0NjMrNDQ3Pz43OzU=]
      x-ebay-request-id: ['151ecce8-da70-a7ea-4345-2c659856e12f!shopping!10.126.164.52!esbshopping[]']
    status: {code: 200, message: OK}
- request:
    body: null
    headers:
      Accept: ['*/*']
      Accept-Encoding: ['gzip, deflate']
      Connection: [keep-alive]
      User-Agent: ['Mozilla/5.0 (Windows NT 6.1; WOW64; rv:43.0) Gecko/20100101 Firefox/43.0']
    method: GET
    uri: http://open.api.ebay.com/shopping?ItemID=121136837564&IncludeSelector=ShippingCosts&version=515&siteid=77&appid=RikuLind-3b6d-4c30-937c-6e7d87b5d8be&callname=GetSingleItem&responseencoding=JSON
  response:
    body: {string: !!python/unicode '{"Timestamp":"2015-12-29T09:20:38.537Z","Ack":"Success","Build":"E949_CORE_APILW_17769283_R1","Version":"949","Item":{"ItemID":"121136837564","EndTime":"2014-01-13T05:27:56.000Z","ViewItemURLForNaturalSearch":"http://www.ebay.de/itm/FiiO-E10-Portable-USB-DAC-Headphone-Amplifier-/121136837564","ListingType":"FixedPriceItem","Location":"hongkong","GalleryURL":"http://thumbs1.ebaystatic.com/pict/1211368375648080_1.jpg","PictureURL":["http://i.ebayimg.com/00/s/ODAwWDgwMA==/z/DqEAAOxyFiRR0opV/$(KGrHqZHJDoFHHiLcWjoBR0opU0l!g~~60_1.JPG?set_id=880000500F","http://i.ebayimg.com/00/s/ODAwWDgwMA==/z/5LIAAOxyn~pR0opU/$(KGrHqZHJ!4FHJO)!fo)BR0opT731g~~60_1.JPG?set_id=880000500F","http://i.ebayimg.com/00/s/NzcwWDEwMDA=/z/DpsAAOxyFiRR0opT/$(KGrHqVHJCEFHBBPr!EEBR0opTN2QQ~~60_1.JPG?set_id=880000500F","http://i.ebayimg.com/00/s/ODAwWDgwMA==/z/xhAAAMXQhpdR0opX/$T2eC16dHJIgFHR-nTWLKBR0op(Fgt!~~60_1.JPG?set_id=880000500F","http://i.ebayimg.com/00/s/ODMzWDEwMDA=/z/jfYAAMXQQtNR0opV/$(KGrHqJHJC!FG9ERBuu7BR0opUkNh!~~60_1.JPG?set_id=880000500F","http://i.ebayimg.com/00/s/NzQ3WDEwMDA=/z/6GUAAMXQb29R0opY/$(KGrHqVHJEwFG44+styQBR0op(uM!!~~60_1.JPG?set_id=880000500F","http://i.ebayimg.com/00/s/NjY3WDEwMDA=/z/9M8AAOxyOeBR0opU/$T2eC16NHJGQFFhy!oEN!BR0opUCn(w~~60_1.JPG?set_id=880000500F"],"PrimaryCategoryID":"163896","PrimaryCategoryName":"Musical
        Instruments & Gear:Pro Audio Equipment:Amplifiers","BidCount":0,"ConvertedCurrentPrice":{"Value":69.26,"CurrencyID":"EUR"},"ListingStatus":"Completed","TimeLeft":"PT0S","Title":"FiiO
        E10 Portable USB DAC Headphone Amplifier","ShippingCostSummary":{"ShippingServiceCost":{"Value":0.0,"CurrencyID":"EUR"},"ShippingType":"Flat","ListedShippingServiceCost":{"Value":0.0,"CurrencyID":"USD"}},"Country":"HK","AutoPay":false,"QuantityAvailableHint":"MoreThan","QuantityThreshold":10}}'}
    headers:
      cache-control: [no-cache]
      connection: [keep-alive]
      content-type: [text/plain;charset=utf-8]
      date: ['Tue, 29 Dec 2015 09:20:37 GMT']
      expires: ['Sat, 25 Dec 1999 00:00:00 GMT']
      guid: [151ed0a1-0680-a357-84a3-5513d49c7203]
      last-modified: ['Tue, 29 Dec 2015 09:20:38 GMT']
      pragma: [no-cache]
      server: [Apache-Coyote/1.1]
      x-ebay-api-build-tag: [E949_CORE_APILW_17769283_R1]
      x-ebay-api-pool-name: [___cDRidW9rdGZpdWY=]
      x-ebay-api-server-name: [___dWtgMWQ3MGYrZjNhYigyNSgyMCs3NDsrNzE7Pz43OzU=]
      x-ebay-request-id: ['151ed0a1-0680-a357-84a3-5513d49c7203!shopping!10.53.120.74!esbshopping[]']
    status: {code: 200, message: OK}
- request:
    body: null
    headers:
      Accept: ['*/*']
      Accept-Encoding: ['gzip, deflate']
      Connection: [keep-alive]
      User-Agent: ['Mozilla/5.0 (Windows NT 6.1; WOW64; rv:43.0) Gecko/20100101 Firefox/43.0']
    method: GET
    uri: http://open.api.ebay.com/shopping?ItemID=121136837564&IncludeSelector=ShippingCosts&version=515&siteid=77&appid=RikuLind-3b6d-4c30-937c-6e7d87b5d8be&callname=GetSingleItem&responseencoding=JSON
  response:
    body: {string: !!python/unicode '{"Timestamp":"2015-12-29T09:22:06.929Z","Ack":"Success","Build":"E949_CORE_APILW_17769283_R1","Version":"949","Item":{"ItemID":"121136837564","EndTime":"2014-01-13T05:27:56.000Z","ViewItemURLForNaturalSearch":"http://www.ebay.de/itm/FiiO-E10-Portable-USB-DAC-Headphone-Amplifier-/121136837564","ListingType":"FixedPriceItem","Location":"hongkong","GalleryURL":"http://thumbs1.ebaystatic.com/pict/1211368375648080_1.jpg","PictureURL":["http://i.ebayimg.com/00/s/ODAwWDgwMA==/z/DqEAAOxyFiRR0opV/$(KGrHqZHJDoFHHiLcWjoBR0opU0l!g~~60_1.JPG?set_id=880000500F","http://i.ebayimg.com/00/s/ODAwWDgwMA==/z/5LIAAOxyn~pR0opU/$(KGrHqZHJ!4FHJO)!fo)BR0opT731g~~60_1.JPG?set_id=880000500F","http://i.ebayimg.com/00/s/NzcwWDEwMDA=/z/DpsAAOxyFiRR0opT/$(KGrHqVHJCEFHBBPr!EEBR0opTN2QQ~~60_1.JPG?set_id=880000500F","http://i.ebayimg.com/00/s/ODAwWDgwMA==/z/xhAAAMXQhpdR0opX/$T2eC16dHJIgFHR-nTWLKBR0op(Fgt!~~60_1.JPG?set_id=880000500F","http://i.ebayimg.com/00/s/ODMzWDEwMDA=/z/jfYAAMXQQtNR0opV/$(KGrHqJHJC!FG9ERBuu7BR0opUkNh!~~60_1.JPG?set_id=880000500F","http://i.ebayimg.com/00/s/NzQ3WDEwMDA=/z/6GUAAMXQb29R0opY/$(KGrHqVHJEwFG44+styQBR0op(uM!!~~60_1.JPG?set_id=880000500F","http://i.ebayimg.com/00/s/NjY3WDEwMDA=/z/9M8AAOxyOeBR0opU/$T2eC16NHJGQFFhy!oEN!BR0opUCn(w~~60_1.JPG?set_id=880000500F"],"PrimaryCategoryID":"163896","PrimaryCategoryName":"Musical
        Instruments & Gear:Pro Audio Equipment:Amplifiers","BidCount":0,"ConvertedCurrentPrice":{"Value":69.26,"CurrencyID":"EUR"},"ListingStatus":"Completed","TimeLeft":"PT0S","Title":"FiiO
        E10 Portable USB DAC Headphone Amplifier","ShippingCostSummary":{"ShippingServiceCost":{"Value":0.0,"CurrencyID":"EUR"},"ShippingType":"Flat","ListedShippingServiceCost":{"Value":0.0,"CurrencyID":"USD"}},"Country":"HK","AutoPay":false,"QuantityAvailableHint":"MoreThan","QuantityThreshold":10}}'}
    headers:
      cache-control: [no-cache]
      connection: [keep-alive]
      content-type: [text/plain;charset=utf-8]
      date: ['Tue, 29 Dec 2015 09:22:06 GMT']
      expires: ['Sat, 25 Dec 1999 00:00:00 GMT']
      guid: [151ed0b6-9900-a56a-a251-1be1aa929a6f]
      last-modified: ['Tue, 29 Dec 2015 09:22:06 GMT']
      pragma: [no-cache]
      server: [Apache-Coyote/1.1]
      x-ebay-api-build-tag: [E949_CORE_APILW_17769283_R1]
      x-ebay-api-pool-name: [___cDRidW9rdGZpdWY=]
      x-ebay-api-server-name: [___dm97PWQ3MGYrPjI3NSgyNSgzMSs0NDErNzY6Pz43OzU=]
      x-ebay-request-id: ['151ed0b6-9900-a56a-a251-1be1aa929a6f!shopping!10.86.170.37!esbshopping[]']
    status: {code: 200, message: OK}
- request:
    body: null
    headers:
      Accept: ['*/*']
      Accept-Encoding: ['gzip, deflate']
      Connection: [keep-alive]
      User-Agent: ['Mozilla/5.0 (Windows NT 6.1; WOW64; rv:43.0) Gecko/20100101 Firefox/43.0']
    method: GET
    uri: http://open.api.ebay.com/shopping?ItemID=121136837564&IncludeSelector=ShippingCosts&version=515&siteid=77&appid=RikuLind-3b6d-4c30-937c-6e7d87b5d8be&callname=GetSingleItem&responseencoding=JSON
  response:
    body: {string: !!python/unicode '{"Timestamp":"2016-02-23T18:20:51.189Z","Ack":"Success","Build":"E949_CORE_APILW_17769283_R1","Version":"949","Item":{"ItemID":"121136837564","EndTime":"2014-01-13T05:27:56.000Z","ViewItemURLForNaturalSearch":"http://www.ebay.de/itm/FiiO-E10-Portable-USB-DAC-Headphone-Amplifier-/121136837564","ListingType":"FixedPriceItem","Location":"hongkong","GalleryURL":"http://thumbs1.ebaystatic.com/pict/1211368375648080_1.jpg","PictureURL":["http://i.ebayimg.com/00/s/ODAwWDgwMA==/z/DqEAAOxyFiRR0opV/$(KGrHqZHJDoFHHiLcWjoBR0opU0l!g~~60_1.JPG?set_id=880000500F","http://i.ebayimg.com/00/s/ODAwWDgwMA==/z/5LIAAOxyn~pR0opU/$(KGrHqZHJ!4FHJO)!fo)BR0opT731g~~60_1.JPG?set_id=880000500F","http://i.ebayimg.com/00/s/NzcwWDEwMDA=/z/DpsAAOxyFiRR0opT/$(KGrHqVHJCEFHBBPr!EEBR0opTN2QQ~~60_1.JPG?set_id=880000500F","http://i.ebayimg.com/00/s/ODAwWDgwMA==/z/xhAAAMXQhpdR0opX/$T2eC16dHJIgFHR-nTWLKBR0op(Fgt!~~60_1.JPG?set_id=880000500F","http://i.ebayimg.com/00/s/ODMzWDEwMDA=/z/jfYAAMXQQtNR0opV/$(KGrHqJHJC!FG9ERBuu7BR0opUkNh!~~60_1.JPG?set_id=880000500F","http://i.ebayimg.com/00/s/NzQ3WDEwMDA=/z/6GUAAMXQb29R0opY/$(KGrHqVHJEwFG44+styQBR0op(uM!!~~60_1.JPG?set_id=880000500F","http://i.ebayimg.com/00/s/NjY3WDEwMDA=/z/9M8AAOxyOeBR0opU/$T2eC16NHJGQFFhy!oEN!BR0opUCn(w~~60_1.JPG?set_id=880000500F"],"PrimaryCategoryID":"163896","PrimaryCategoryName":"Musical
        Instruments & Gear:Pro Audio Equipment:Amplifiers","BidCount":0,"ConvertedCurrentPrice":{"Value":68.91,"CurrencyID":"EUR"},"ListingStatus":"Completed","TimeLeft":"PT0S","Title":"FiiO
        E10 Portable USB DAC Headphone Amplifier","ShippingCostSummary":{"ShippingServiceCost":{"Value":0.0,"CurrencyID":"EUR"},"ShippingType":"Flat","ListedShippingServiceCost":{"Value":0.0,"CurrencyID":"USD"}},"Country":"HK","AutoPay":false,"QuantityAvailableHint":"MoreThan","QuantityThreshold":10}}'}
    headers:
      cache-control: [no-cache]
      connection: [keep-alive]
      content-type: [text/plain;charset=utf-8]
      date: ['Tue, 23 Feb 2016 18:20:50 GMT']
      expires: ['Sat, 25 Dec 1999 00:00:00 GMT']
      guid: [1530f5cc-4210-a357-84a3-55139fb0409d]
      last-modified: ['Tue, 23 Feb 2016 18:20:51 GMT']
      pragma: [no-cache]
      server: [Apache-Coyote/1.1]
      x-ebay-api-build-tag: [E949_CORE_APILW_17769283_R1]
      x-ebay-api-pool-name: [___cDRidW9rdGZpdWY=]
      x-ebay-api-server-name: [___dWtgMGQ3MmYrMzc8ZSgyNSg2MTUoPjorNzQ0Pz43OzU=]
      x-ebay-request-id: ['1530f5cc-4210-a357-84a3-55139fb0409d!shopping!10.53.120.74!esbshopping[]']
    status: {code: 200, message: OK}
- request:
    body: null
    headers:
      Accept: ['*/*']
      Accept-Encoding: ['gzip, deflate']
      Connection: [keep-alive]
      User-Agent: ['Mozilla/5.0 (Windows NT 6.1; WOW64; rv:43.0) Gecko/20100101 Firefox/43.0']
    method: GET
    uri: http://open.api.ebay.com/shopping?ItemID=121136837564&IncludeSelector=ShippingCosts&version=515&siteid=77&appid=RikuLind-3b6d-4c30-937c-6e7d87b5d8be&callname=GetSingleItem&responseencoding=JSON
  response:
    body: {string: !!python/unicode '{"Timestamp":"2016-02-23T18:22:28.152Z","Ack":"Success","Build":"E949_CORE_APILW_17769283_R1","Version":"949","Item":{"ItemID":"121136837564","EndTime":"2014-01-13T05:27:56.000Z","ViewItemURLForNaturalSearch":"http://www.ebay.de/itm/FiiO-E10-Portable-USB-DAC-Headphone-Amplifier-/121136837564","ListingType":"FixedPriceItem","Location":"hongkong","GalleryURL":"http://thumbs1.ebaystatic.com/pict/1211368375648080_1.jpg","PictureURL":["http://i.ebayimg.com/00/s/ODAwWDgwMA==/z/DqEAAOxyFiRR0opV/$(KGrHqZHJDoFHHiLcWjoBR0opU0l!g~~60_1.JPG?set_id=880000500F","http://i.ebayimg.com/00/s/ODAwWDgwMA==/z/5LIAAOxyn~pR0opU/$(KGrHqZHJ!4FHJO)!fo)BR0opT731g~~60_1.JPG?set_id=880000500F","http://i.ebayimg.com/00/s/NzcwWDEwMDA=/z/DpsAAOxyFiRR0opT/$(KGrHqVHJCEFHBBPr!EEBR0opTN2QQ~~60_1.JPG?set_id=880000500F","http://i.ebayimg.com/00/s/ODAwWDgwMA==/z/xhAAAMXQhpdR0opX/$T2eC16dHJIgFHR-nTWLKBR0op(Fgt!~~60_1.JPG?set_id=880000500F","http://i.ebayimg.com/00/s/ODMzWDEwMDA=/z/jfYAAMXQQtNR0opV/$(KGrHqJHJC!FG9ERBuu7BR0opUkNh!~~60_1.JPG?set_id=880000500F","http://i.ebayimg.com/00/s/NzQ3WDEwMDA=/z/6GUAAMXQb29R0opY/$(KGrHqVHJEwFG44+styQBR0op(uM!!~~60_1.JPG?set_id=880000500F","http://i.ebayimg.com/00/s/NjY3WDEwMDA=/z/9M8AAOxyOeBR0opU/$T2eC16NHJGQFFhy!oEN!BR0opUCn(w~~60_1.JPG?set_id=880000500F"],"PrimaryCategoryID":"163896","PrimaryCategoryName":"Musical
        Instruments & Gear:Pro Audio Equipment:Amplifiers","BidCount":0,"ConvertedCurrentPrice":{"Value":68.91,"CurrencyID":"EUR"},"ListingStatus":"Completed","TimeLeft":"PT0S","Title":"FiiO
        E10 Portable USB DAC Headphone Amplifier","ShippingCostSummary":{"ShippingServiceCost":{"Value":0.0,"CurrencyID":"EUR"},"ShippingType":"Flat","ListedShippingServiceCost":{"Value":0.0,"CurrencyID":"USD"}},"Country":"HK","AutoPay":false,"QuantityAvailableHint":"MoreThan","QuantityThreshold":10}}'}
    headers:
      cache-control: [no-cache]
      connection: [keep-alive]
      content-type: [text/plain;charset=utf-8]
      date: ['Tue, 23 Feb 2016 18:22:27 GMT']
      expires: ['Sat, 25 Dec 1999 00:00:00 GMT']
      guid: [1530f5e3-efd0-a7ea-77b5-c5c5f53b49d6]
      last-modified: ['Tue, 23 Feb 2016 18:22:28 GMT']
      pragma: [no-cache]
      server: [Apache-Coyote/1.1]
      x-ebay-api-build-tag: [E949_CORE_APILW_17769283_R1]
      x-ebay-api-pool-name: [___cDRidW9rdGZpdWY=]
      x-ebay-api-server-name: [___dWtgMGQ3MmYrPmI1MigyNSg2MTUoNjM2KDYwNzw/Mz02]
      x-ebay-request-id: ['1530f5e3-efd0-a7ea-77b5-c5c5f53b49d6!shopping!10.126.167.123!esbshopping[]']
    status: {code: 200, message: OK}
- request:
    body: null
    headers:
      Accept: ['*/*']
      Accept-Encoding: ['gzip, deflate']
      Connection: [keep-alive]
      User-Agent: ['Mozilla/5.0 (Windows NT 6.1; WOW64; rv:43.0) Gecko/20100101 Firefox/43.0']
    method: GET
    uri: http://open.api.ebay.com/shopping?ItemID=121136837564&IncludeSelector=ShippingCosts&version=515&siteid=77&appid=RikuLind-3b6d-4c30-937c-6e7d87b5d8be&callname=GetSingleItem&responseencoding=JSON
  response:
    body: {string: !!python/unicode '{"Timestamp":"2016-02-25T10:46:49.705Z","Ack":"Success","Build":"E949_CORE_APILW_17769283_R1","Version":"949","Item":{"ItemID":"121136837564","EndTime":"2014-01-13T05:27:56.000Z","ViewItemURLForNaturalSearch":"http://www.ebay.de/itm/FiiO-E10-Portable-USB-DAC-Headphone-Amplifier-/121136837564","ListingType":"FixedPriceItem","Location":"hongkong","GalleryURL":"http://thumbs1.ebaystatic.com/pict/1211368375648080_1.jpg","PictureURL":["http://i.ebayimg.com/00/s/ODAwWDgwMA==/z/DqEAAOxyFiRR0opV/$(KGrHqZHJDoFHHiLcWjoBR0opU0l!g~~60_1.JPG?set_id=880000500F","http://i.ebayimg.com/00/s/ODAwWDgwMA==/z/5LIAAOxyn~pR0opU/$(KGrHqZHJ!4FHJO)!fo)BR0opT731g~~60_1.JPG?set_id=880000500F","http://i.ebayimg.com/00/s/NzcwWDEwMDA=/z/DpsAAOxyFiRR0opT/$(KGrHqVHJCEFHBBPr!EEBR0opTN2QQ~~60_1.JPG?set_id=880000500F","http://i.ebayimg.com/00/s/ODAwWDgwMA==/z/xhAAAMXQhpdR0opX/$T2eC16dHJIgFHR-nTWLKBR0op(Fgt!~~60_1.JPG?set_id=880000500F","http://i.ebayimg.com/00/s/ODMzWDEwMDA=/z/jfYAAMXQQtNR0opV/$(KGrHqJHJC!FG9ERBuu7BR0opUkNh!~~60_1.JPG?set_id=880000500F","http://i.ebayimg.com/00/s/NzQ3WDEwMDA=/z/6GUAAMXQb29R0opY/$(KGrHqVHJEwFG44+styQBR0op(uM!!~~60_1.JPG?set_id=880000500F","http://i.ebayimg.com/00/s/NjY3WDEwMDA=/z/9M8AAOxyOeBR0opU/$T2eC16NHJGQFFhy!oEN!BR0opUCn(w~~60_1.JPG?set_id=880000500F"],"PrimaryCategoryID":"163896","PrimaryCategoryName":"Musical
        Instruments & Gear:Pro Audio Equipment:Amplifiers","BidCount":0,"ConvertedCurrentPrice":{"Value":68.94,"CurrencyID":"EUR"},"ListingStatus":"Completed","TimeLeft":"PT0S","Title":"FiiO
        E10 Portable USB DAC Headphone Amplifier","ShippingCostSummary":{"ShippingServiceCost":{"Value":0.0,"CurrencyID":"EUR"},"ShippingType":"Flat","ListedShippingServiceCost":{"Value":0.0,"CurrencyID":"USD"}},"Country":"HK","AutoPay":false,"QuantityAvailableHint":"MoreThan","QuantityThreshold":10}}'}
    headers:
      cache-control: [no-cache]
      connection: [keep-alive]
      content-type: [text/plain;charset=utf-8]
      date: ['Thu, 25 Feb 2016 10:46:49 GMT']
      expires: ['Sat, 25 Dec 1999 00:00:00 GMT']
      guid: [1531809d-0490-a7ea-4411-a661ed362158]
      last-modified: ['Thu, 25 Feb 2016 10:46:49 GMT']
      pragma: [no-cache]
      server: [Apache-Coyote/1.1]
      x-ebay-api-build-tag: [E949_CORE_APILW_17769283_R1]
      x-ebay-api-pool-name: [___cDRidW9rdGZpdWY=]
      x-ebay-api-server-name: [___dWtgMWQ3MWYrMzsxZygyNSg2MzMoNjAyKDI2Pz43OzU=]
      x-ebay-request-id: ['1531809d-0490-a7ea-4411-a661ed362158!shopping!10.126.164.65!esbshopping[]']
    status: {code: 200, message: OK}
- request:
    body: null
    headers:
      Accept: ['*/*']
      Accept-Encoding: ['gzip, deflate']
      Connection: [keep-alive]
      User-Agent: ['Mozilla/5.0 (Windows NT 6.1; WOW64; rv:43.0) Gecko/20100101 Firefox/43.0']
    method: GET
    uri: http://open.api.ebay.com/shopping?ItemID=121136837564&IncludeSelector=ShippingCosts&version=515&siteid=77&appid=RikuLind-3b6d-4c30-937c-6e7d87b5d8be&callname=GetSingleItem&responseencoding=JSON
  response:
    body: {string: !!python/unicode '{"Timestamp":"2016-02-25T10:50:33.391Z","Ack":"Success","Build":"E949_CORE_APILW_17769283_R1","Version":"949","Item":{"ItemID":"121136837564","EndTime":"2014-01-13T05:27:56.000Z","ViewItemURLForNaturalSearch":"http://www.ebay.de/itm/FiiO-E10-Portable-USB-DAC-Headphone-Amplifier-/121136837564","ListingType":"FixedPriceItem","Location":"hongkong","GalleryURL":"http://thumbs1.ebaystatic.com/pict/1211368375648080_1.jpg","PictureURL":["http://i.ebayimg.com/00/s/ODAwWDgwMA==/z/DqEAAOxyFiRR0opV/$(KGrHqZHJDoFHHiLcWjoBR0opU0l!g~~60_1.JPG?set_id=880000500F","http://i.ebayimg.com/00/s/ODAwWDgwMA==/z/5LIAAOxyn~pR0opU/$(KGrHqZHJ!4FHJO)!fo)BR0opT731g~~60_1.JPG?set_id=880000500F","http://i.ebayimg.com/00/s/NzcwWDEwMDA=/z/DpsAAOxyFiRR0opT/$(KGrHqVHJCEFHBBPr!EEBR0opTN2QQ~~60_1.JPG?set_id=880000500F","http://i.ebayimg.com/00/s/ODAwWDgwMA==/z/xhAAAMXQhpdR0opX/$T2eC16dHJIgFHR-nTWLKBR0op(Fgt!~~60_1.JPG?set_id=880000500F","http://i.ebayimg.com/00/s/ODMzWDEwMDA=/z/jfYAAMXQQtNR0opV/$(KGrHqJHJC!FG9ERBuu7BR0opUkNh!~~60_1.JPG?set_id=880000500F","http://i.ebayimg.com/00/s/NzQ3WDEwMDA=/z/6GUAAMXQb29R0opY/$(KGrHqVHJEwFG44+styQBR0op(uM!!~~60_1.JPG?set_id=880000500F","http://i.ebayimg.com/00/s/NjY3WDEwMDA=/z/9M8AAOxyOeBR0opU/$T2eC16NHJGQFFhy!oEN!BR0opUCn(w~~60_1.JPG?set_id=880000500F"],"PrimaryCategoryID":"163896","PrimaryCategoryName":"Musical
        Instruments & Gear:Pro Audio Equipment:Amplifiers","BidCount":0,"ConvertedCurrentPrice":{"Value":68.94,"CurrencyID":"EUR"},"ListingStatus":"Completed","TimeLeft":"PT0S","Title":"FiiO
        E10 Portable USB DAC Headphone Amplifier","ShippingCostSummary":{"ShippingServiceCost":{"Value":0.0,"CurrencyID":"EUR"},"ShippingType":"Flat","ListedShippingServiceCost":{"Value":0.0,"CurrencyID":"USD"}},"Country":"HK","AutoPay":false,"QuantityAvailableHint":"MoreThan","QuantityThreshold":10}}'}
    headers:
      connection: [keep-alive]
      content-length: ['1812']
      content-type: [text/plain;charset=utf-8]
      expires: ['Sat, 25 Dec 1999 00:00:00 GMT']
      last-modified: ['Thu, 25 Feb 2016 10:50:33 GMT']
      x-ebay-api-build-tag: [E949_CORE_APILW_17769283_R1]
      x-ebay-api-pool-name: [___cDRidW9rdGZpdWY=]
      x-ebay-api-server-name: [___dWtgMWQ3MWYrZmFnZygyNSg2MzMoNjAyKDQxPz43OzU=]
    status: {code: 200, message: OK}
- request:
    body: null
    headers:
      Accept: ['*/*']
      Accept-Encoding: ['gzip, deflate']
      Connection: [keep-alive]
      User-Agent: ['Mozilla/5.0 (Windows NT 6.1; WOW64; rv:43.0) Gecko/20100101 Firefox/43.0']
    method: GET
    uri: http://open.api.ebay.com/shopping?ItemID=121136837564&IncludeSelector=ShippingCosts&version=515&siteid=77&appid=RikuLind-3b6d-4c30-937c-6e7d87b5d8be&callname=GetSingleItem&responseencoding=JSON
  response:
    body: {string: !!python/unicode '{"Timestamp":"2016-02-25T10:53:34.696Z","Ack":"Success","Build":"E949_CORE_APILW_17769283_R1","Version":"949","Item":{"ItemID":"121136837564","EndTime":"2014-01-13T05:27:56.000Z","ViewItemURLForNaturalSearch":"http://www.ebay.de/itm/FiiO-E10-Portable-USB-DAC-Headphone-Amplifier-/121136837564","ListingType":"FixedPriceItem","Location":"hongkong","GalleryURL":"http://thumbs1.ebaystatic.com/pict/1211368375648080_1.jpg","PictureURL":["http://i.ebayimg.com/00/s/ODAwWDgwMA==/z/DqEAAOxyFiRR0opV/$(KGrHqZHJDoFHHiLcWjoBR0opU0l!g~~60_1.JPG?set_id=880000500F","http://i.ebayimg.com/00/s/ODAwWDgwMA==/z/5LIAAOxyn~pR0opU/$(KGrHqZHJ!4FHJO)!fo)BR0opT731g~~60_1.JPG?set_id=880000500F","http://i.ebayimg.com/00/s/NzcwWDEwMDA=/z/DpsAAOxyFiRR0opT/$(KGrHqVHJCEFHBBPr!EEBR0opTN2QQ~~60_1.JPG?set_id=880000500F","http://i.ebayimg.com/00/s/ODAwWDgwMA==/z/xhAAAMXQhpdR0opX/$T2eC16dHJIgFHR-nTWLKBR0op(Fgt!~~60_1.JPG?set_id=880000500F","http://i.ebayimg.com/00/s/ODMzWDEwMDA=/z/jfYAAMXQQtNR0opV/$(KGrHqJHJC!FG9ERBuu7BR0opUkNh!~~60_1.JPG?set_id=880000500F","http://i.ebayimg.com/00/s/NzQ3WDEwMDA=/z/6GUAAMXQb29R0opY/$(KGrHqVHJEwFG44+styQBR0op(uM!!~~60_1.JPG?set_id=880000500F","http://i.ebayimg.com/00/s/NjY3WDEwMDA=/z/9M8AAOxyOeBR0opU/$T2eC16NHJGQFFhy!oEN!BR0opUCn(w~~60_1.JPG?set_id=880000500F"],"PrimaryCategoryID":"163896","PrimaryCategoryName":"Musical
        Instruments & Gear:Pro Audio Equipment:Amplifiers","BidCount":0,"ConvertedCurrentPrice":{"Value":68.94,"CurrencyID":"EUR"},"ListingStatus":"Completed","TimeLeft":"PT0S","Title":"FiiO
        E10 Portable USB DAC Headphone Amplifier","ShippingCostSummary":{"ShippingServiceCost":{"Value":0.0,"CurrencyID":"EUR"},"ShippingType":"Flat","ListedShippingServiceCost":{"Value":0.0,"CurrencyID":"USD"}},"Country":"HK","AutoPay":false,"QuantityAvailableHint":"MoreThan","QuantityThreshold":10}}'}
    headers:
      cache-control: [no-cache]
      connection: [keep-alive]
      content-type: [text/plain;charset=utf-8]
      date: ['Thu, 25 Feb 2016 10:53:33 GMT']
      expires: ['Sat, 25 Dec 1999 00:00:00 GMT']
      guid: [153180ff-dee0-a7ea-77b5-c5c5f39cd6c0]
      last-modified: ['Thu, 25 Feb 2016 10:53:34 GMT']
      pragma: [no-cache]
      server: [Apache-Coyote/1.1]
      x-ebay-api-build-tag: [E949_CORE_APILW_17769283_R1]
      x-ebay-api-pool-name: [___cDRidW9rdGZpdWY=]
      x-ebay-api-server-name: [___dWtgMGQ3MWYrNDNjZCgyNSg2MTMoNjowKDYwMDw/Mz02]
      x-ebay-request-id: ['153180ff-dee0-a7ea-77b5-c5c5f39cd6c0!shopping!10.126.167.123!esbshopping[]']
    status: {code: 200, message: OK}
- request:
    body: null
    headers:
      Accept: ['*/*']
      Accept-Encoding: ['gzip, deflate']
      Connection: [keep-alive]
      User-Agent: ['Mozilla/5.0 (Windows NT 6.1; WOW64; rv:43.0) Gecko/20100101 Firefox/43.0']
    method: GET
    uri: http://open.api.ebay.com/shopping?ItemID=121136837564&IncludeSelector=ShippingCosts&version=515&siteid=77&appid=RikuLind-3b6d-4c30-937c-6e7d87b5d8be&callname=GetSingleItem&responseencoding=JSON
  response:
    body: {string: !!python/unicode '{"Timestamp":"2016-02-25T11:11:08.747Z","Ack":"Success","Build":"E949_CORE_APILW_17769283_R1","Version":"949","Item":{"ItemID":"121136837564","EndTime":"2014-01-13T05:27:56.000Z","ViewItemURLForNaturalSearch":"http://www.ebay.de/itm/FiiO-E10-Portable-USB-DAC-Headphone-Amplifier-/121136837564","ListingType":"FixedPriceItem","Location":"hongkong","GalleryURL":"http://thumbs1.ebaystatic.com/pict/1211368375648080_1.jpg","PictureURL":["http://i.ebayimg.com/00/s/ODAwWDgwMA==/z/DqEAAOxyFiRR0opV/$(KGrHqZHJDoFHHiLcWjoBR0opU0l!g~~60_1.JPG?set_id=880000500F","http://i.ebayimg.com/00/s/ODAwWDgwMA==/z/5LIAAOxyn~pR0opU/$(KGrHqZHJ!4FHJO)!fo)BR0opT731g~~60_1.JPG?set_id=880000500F","http://i.ebayimg.com/00/s/NzcwWDEwMDA=/z/DpsAAOxyFiRR0opT/$(KGrHqVHJCEFHBBPr!EEBR0opTN2QQ~~60_1.JPG?set_id=880000500F","http://i.ebayimg.com/00/s/ODAwWDgwMA==/z/xhAAAMXQhpdR0opX/$T2eC16dHJIgFHR-nTWLKBR0op(Fgt!~~60_1.JPG?set_id=880000500F","http://i.ebayimg.com/00/s/ODMzWDEwMDA=/z/jfYAAMXQQtNR0opV/$(KGrHqJHJC!FG9ERBuu7BR0opUkNh!~~60_1.JPG?set_id=880000500F","http://i.ebayimg.com/00/s/NzQ3WDEwMDA=/z/6GUAAMXQb29R0opY/$(KGrHqVHJEwFG44+styQBR0op(uM!!~~60_1.JPG?set_id=880000500F","http://i.ebayimg.com/00/s/NjY3WDEwMDA=/z/9M8AAOxyOeBR0opU/$T2eC16NHJGQFFhy!oEN!BR0opUCn(w~~60_1.JPG?set_id=880000500F"],"PrimaryCategoryID":"163896","PrimaryCategoryName":"Musical
        Instruments & Gear:Pro Audio Equipment:Amplifiers","BidCount":0,"ConvertedCurrentPrice":{"Value":68.94,"CurrencyID":"EUR"},"ListingStatus":"Completed","TimeLeft":"PT0S","Title":"FiiO
        E10 Portable USB DAC Headphone Amplifier","ShippingCostSummary":{"ShippingServiceCost":{"Value":0.0,"CurrencyID":"EUR"},"ShippingType":"Flat","ListedShippingServiceCost":{"Value":0.0,"CurrencyID":"USD"}},"Country":"HK","AutoPay":false,"QuantityAvailableHint":"MoreThan","QuantityThreshold":10}}'}
    headers:
      cache-control: [no-cache]
      connection: [keep-alive]
      content-type: [text/plain;charset=utf-8]
      date: ['Thu, 25 Feb 2016 11:11:08 GMT']
      expires: ['Sat, 25 Dec 1999 00:00:00 GMT']
      guid: [15318201-3930-a7ea-4513-b5c3ee2ee6be]
      last-modified: ['Thu, 25 Feb 2016 11:11:08 GMT']
      pragma: [no-cache]
      server: [Apache-Coyote/1.1]
      x-ebay-api-build-tag: [E949_CORE_APILW_17769283_R1]
      x-ebay-api-pool-name: [___cDRidW9rdGZpdWY=]
      x-ebay-api-server-name: [___dWtgMWQ3MmYrMzc3MSgyNSg+Nys3PzQrNzQ1Pz43OzU=]
      x-ebay-request-id: ['15318201-3930-a7ea-4513-b5c3ee2ee6be!shopping!10.126.164.81!esbshopping[]']
    status: {code: 200, message: OK}
version: 1
