Archive member included to satisfy reference by file (symbol)

/opt/devkitpro/MLlib/lib/libMLlib.a(ML_init.o)
                              main.o (ML_Init)
/opt/devkitpro/MLlib/lib/libMLlib.a(ML_input.o)
                              /opt/devkitpro/MLlib/lib/libMLlib.a(ML_init.o) (ML_InitPad)
/opt/devkitpro/MLlib/lib/libMLlib.a(ML_mp3player.o)
                              main.o (ML_InitMP3)
/opt/devkitpro/MLlib/lib/libMLlib.a(ML_video.o)
                              main.o (ML_LoadSpriteFromBuffer)
/opt/devkitpro/MLlib/lib/libMLlib.a(ML_system.o)
                              /opt/devkitpro/MLlib/lib/libMLlib.a(ML_video.o) (ML_CallbackForPowerAndReset)
/opt/devkitpro/MLlib/lib/libMLlib.a(ML_sprites.o)
                              /opt/devkitpro/MLlib/lib/libMLlib.a(ML_video.o) (_initSprite)
/opt/devkitpro/MLlib/lib/libMLlib.a(ML_font.o)
                              /opt/devkitpro/MLlib/lib/libMLlib.a(ML_system.o) (ML_QuitFont)
/opt/devkitpro/MLlib/lib/libMLlib.a(ML_backgrounds.o)
                              /opt/devkitpro/MLlib/lib/libMLlib.a(ML_video.o) (_initBackground)
/opt/devkitpro/MLlib/lib/libMLlib.a(ML_images.o)
                              /opt/devkitpro/MLlib/lib/libMLlib.a(ML_video.o) (_initImage)
/opt/devkitpro/MLlib/lib/libMLlib.a(ML_math.o)
                              /opt/devkitpro/MLlib/lib/libMLlib.a(ML_sprites.o) (ML_Distance)
/opt/devkitpro/MLlib/lib/libMLlib.a(PNG.o)
                              /opt/devkitpro/MLlib/lib/libMLlib.a(ML_video.o) (read_png_gx_file)
/opt/devkitpro/MLlib/lib/libMLlib.a(globals.o)
                              /opt/devkitpro/MLlib/lib/libMLlib.a(ML_init.o) (setAsnd)
/opt/devkitpro/MLlib/lib/libMLlib.a(MLlib_SplashScreen.png.o)
                              /opt/devkitpro/MLlib/lib/libMLlib.a(ML_video.o) (MLlib_SplashScreen_png)
/opt/devkitpro/MLlib/lib/libMLlib.a(ML_draw.o)
                              /opt/devkitpro/MLlib/lib/libMLlib.a(ML_video.o) (_PNGU_YCbYCr_TO_RGB8)
/opt/devkitpro/libogc/lib/wii/libpng.a(png.o)
                              /opt/devkitpro/MLlib/lib/libMLlib.a(PNG.o) (png_get_io_ptr)
/opt/devkitpro/libogc/lib/wii/libpng.a(pngerror.o)
                              /opt/devkitpro/libogc/lib/wii/libpng.a(png.o) (png_warning)
/opt/devkitpro/libogc/lib/wii/libpng.a(pngget.o)
                              /opt/devkitpro/MLlib/lib/libMLlib.a(PNG.o) (png_get_valid)
/opt/devkitpro/libogc/lib/wii/libpng.a(pngmem.o)
                              /opt/devkitpro/libogc/lib/wii/libpng.a(png.o) (png_free)
/opt/devkitpro/libogc/lib/wii/libpng.a(pngread.o)
                              /opt/devkitpro/MLlib/lib/libMLlib.a(PNG.o) (png_destroy_read_struct)
/opt/devkitpro/libogc/lib/wii/libpng.a(pngrio.o)
                              /opt/devkitpro/MLlib/lib/libMLlib.a(PNG.o) (png_set_read_fn)
/opt/devkitpro/libogc/lib/wii/libpng.a(pngrtran.o)
                              /opt/devkitpro/libogc/lib/wii/libpng.a(pngread.o) (png_set_strip_16)
/opt/devkitpro/libogc/lib/wii/libpng.a(pngrutil.o)
                              /opt/devkitpro/libogc/lib/wii/libpng.a(pngread.o) (png_get_uint_31)
/opt/devkitpro/libogc/lib/wii/libpng.a(pngset.o)
                              /opt/devkitpro/libogc/lib/wii/libpng.a(pngrutil.o) (png_set_oFFs)
/opt/devkitpro/libogc/lib/wii/libpng.a(pngtrans.o)
                              /opt/devkitpro/libogc/lib/wii/libpng.a(pngread.o) (png_set_bgr)
/opt/devkitpro/libogc/lib/wii/libpng.a(pngwrite.o)
                              /opt/devkitpro/MLlib/lib/libMLlib.a(ML_video.o) (png_destroy_write_struct)
/opt/devkitpro/libogc/lib/wii/libpng.a(pngwtran.o)
                              /opt/devkitpro/libogc/lib/wii/libpng.a(pngwrite.o) (png_do_write_intrapixel)
/opt/devkitpro/libogc/lib/wii/libpng.a(pngwutil.o)
                              /opt/devkitpro/libogc/lib/wii/libpng.a(pngwrite.o) (png_do_write_interlace)
/opt/devkitpro/libogc/lib/wii/libpng.a(pngwio.o)
                              /opt/devkitpro/libogc/lib/wii/libpng.a(pngwrite.o) (png_flush)
/opt/devkitpro/libogc/lib/wii/libz.a(crc32.o)
                              /opt/devkitpro/libogc/lib/wii/libpng.a(png.o) (crc32)
/opt/devkitpro/libogc/lib/wii/libz.a(deflate.o)
                              /opt/devkitpro/libogc/lib/wii/libpng.a(pngwrite.o) (deflateEnd)
/opt/devkitpro/libogc/lib/wii/libz.a(trees.o)
                              /opt/devkitpro/libogc/lib/wii/libz.a(deflate.o) (_tr_init)
/opt/devkitpro/libogc/lib/wii/libz.a(zutil.o)
                              /opt/devkitpro/libogc/lib/wii/libz.a(deflate.o) (zcfree)
/opt/devkitpro/libogc/lib/wii/libz.a(inflate.o)
                              /opt/devkitpro/libogc/lib/wii/libpng.a(png.o) (inflateReset)
/opt/devkitpro/libogc/lib/wii/libz.a(inftrees.o)
                              /opt/devkitpro/libogc/lib/wii/libz.a(inflate.o) (inflate_table)
/opt/devkitpro/libogc/lib/wii/libz.a(inffast.o)
                              /opt/devkitpro/libogc/lib/wii/libz.a(inflate.o) (inflate_fast)
[...]
Memory Configuration

Name             Origin             Length             Attributes
*default*        0x0000000000000000 0xffffffffffffffff

Linker script and memory map

                0x0000000000003400                . = 0x3400

.stub
 *(.stub)
                0x0000000080004000                . = 0x80004000

.init           0x0000000080004000      0x194
 *crt0.o(*.init)
 .init          0x0000000080004000      0x170 /opt/devkitpro/libogc/lib/wii/libogc.a(ogc_crt0.o)
                0x0000000080004000                _start
                0x0000000080004140                _memset
 *(.init)
 .init          0x0000000080004170        0xc /opt/devkitpro/devkitPPC/bin/../lib/gcc/powerpc-eabi/10.2.0/ecrti.o
                0x0000000080004170                __init
 .init          0x000000008000417c        0x4 /opt/devkitpro/devkitPPC/bin/../lib/gcc/powerpc-eabi/10.2.0/crtbegin.o
 .init          0x0000000080004180        0x4 /opt/devkitpro/devkitPPC/bin/../lib/gcc/powerpc-eabi/10.2.0/crtend.o
 .init          0x0000000080004184       0x10 /opt/devkitpro/devkitPPC/bin/../lib/gcc/powerpc-eabi/10.2.0/ecrtn.o

.rela.dyn       0x0000000080004194        0x0
 .rela.iplt     0x0000000080004194        0x0 /opt/devkitpro/MLlib/lib/libMLlib.a(ML_video.o)

.plt
 *(.plt)

.interp
 *(.interp)

.hash
 *(.hash)

.dynsym
 *(.dynsym)

.dynstr
 *(.dynstr)

.gnu.version
 *(.gnu.version)

.gnu.version_d
 *(.gnu.version_d)

.gnu.version_r
 *(.gnu.version_r)

.rel.init
 *(.rel.init)

.rela.init      0x0000000080004194        0x0
 *(.rela.init)
 .rela.init     0x0000000080004194        0x0 /opt/devkitpro/MLlib/lib/libMLlib.a(ML_video.o)

.rel.text
 *(.rel.text .rel.text.* .rel.gnu.linkonce.t.*)

.rela.text      0x0000000080004194        0x0
 *(.rela.text .rela.text.* .rela.gnu.linkonce.t.*)
 .rela.text.deregister_tm_clones
                0x0000000080004194        0x0 /opt/devkitpro/MLlib/lib/libMLlib.a(ML_video.o)
 .rela.text.register_tm_clones
                0x0000000080004194        0x0 /opt/devkitpro/MLlib/lib/libMLlib.a(ML_video.o)
 .rela.text.__do_global_dtors_aux
                0x0000000080004194        0x0 /opt/devkitpro/MLlib/lib/libMLlib.a(ML_video.o)
 .rela.text.frame_dummy
                0x0000000080004194        0x0 /opt/devkitpro/MLlib/lib/libMLlib.a(ML_video.o)
 .rela.text.startup.main
                0x0000000080004194        0x0 /opt/devkitpro/MLlib/lib/libMLlib.a(ML_video.o)
 .rela.text.ML_GetNunchuk
                0x0000000080004194        0x0 /opt/devkitpro/MLlib/lib/libMLlib.a(ML_video.o)
 .rela.text.ML_GetCPad
                0x0000000080004194        0x0 /opt/devkitpro/MLlib/lib/libMLlib.a(ML_video.o)
 .rela.text.ML_GetGuitar
                0x0000000080004194        0x0 /opt/devkitpro/MLlib/lib/libMLlib.a(ML_video.o)
 .rela.text.ML_GetPadsWii
                0x0000000080004194        0x0 /opt/devkitpro/MLlib/lib/libMLlib.a(ML_video.o)
 .rela.text.ML_GetPadsGC
                0x0000000080004194        0x0 /opt/devkitpro/MLlib/lib/libMLlib.a(ML_video.o)
 .rela.text._drawImage
                0x0000000080004194        0x0 /opt/devkitpro/MLlib/lib/libMLlib.a(ML_video.o)
 .rela.text.FreeTypeGX_copyTextureToFramebuffer
                0x0000000080004194        0x0 /opt/devkitpro/MLlib/lib/libMLlib.a(ML_video.o)
 .rela.text.FreeTypeGX_copyFeatureToFramebuffer
                0x0000000080004194        0x0 /opt/devkitpro/MLlib/lib/libMLlib.a(ML_video.o)
 .rela.text.ML_GX_Init
                0x0000000080004194        0x0 /opt/devkitpro/MLlib/lib/libMLlib.a(ML_video.o)
 .rela.text.__lwp_sysinit
                0x0000000080004194        0x0 /opt/devkitpro/MLlib/lib/libMLlib.a(ML_video.o)
 .rela.text.__irq_init
                0x0000000080004194        0x0 /opt/devkitpro/MLlib/lib/libMLlib.a(ML_video.o)
 .rela.text.SYS_Init
                0x0000000080004194        0x0 /opt/devkitpro/MLlib/lib/libMLlib.a(ML_video.o)
 .rela.text.__GX_InitRevBits
                0x0000000080004194        0x0 /opt/devkitpro/MLlib/lib/libMLlib.a(ML_video.o)
 .rela.text.__GXDefTexRegionCallback
                0x0000000080004194        0x0 /opt/devkitpro/MLlib/lib/libMLlib.a(ML_video.o)
 .rela.text.__GXDefTlutRegionCallback
                0x0000000080004194        0x0 /opt/devkitpro/MLlib/lib/libMLlib.a(ML_video.o)
 .rela.text.__SetSURegs
                0x0000000080004194        0x0 /opt/devkitpro/MLlib/lib/libMLlib.a(ML_video.o)
 .rela.text.__SETVCDATTR
                0x0000000080004194        0x0 /opt/devkitpro/MLlib/lib/libMLlib.a(ML_video.o)
 .rela.text.__SETVCDFMT
                0x0000000080004194        0x0 /opt/devkitpro/MLlib/lib/libMLlib.a(ML_video.o)
 .rela.text.__GXCPInterruptHandler
                0x0000000080004194        0x0 /opt/devkitpro/MLlib/lib/libMLlib.a(ML_video.o)
 .rela.text.GX_SetTexCoordGen2.part.0
                0x0000000080004194        0x0 /opt/devkitpro/MLlib/lib/libMLlib.a(ML_video.o)
 .rela.text.__GX_SetDirtyState
                0x0000000080004194        0x0 /opt/devkitpro/MLlib/lib/libMLlib.a(ML_video.o)
 .rela.text.GX_SetCPUFifo
                0x0000000080004194        0x0 /opt/devkitpro/MLlib/lib/libMLlib.a(ML_video.o)
 .rela.text.GX_SetGPFifo
                0x0000000080004194        0x0 /opt/devkitpro/MLlib/lib/libMLlib.a(ML_video.o)
 .rela.text.GX_Flush
                0x0000000080004194        0x0 /opt/devkitpro/MLlib/lib/libMLlib.a(ML_video.o)
 .rela.text.GX_AbortFrame
                0x0000000080004194        0x0 /opt/devkitpro/MLlib/lib/libMLlib.a(ML_video.o)
 .rela.text.__gx_onreset
                0x0000000080004194        0x0 /opt/devkitpro/MLlib/lib/libMLlib.a(ML_video.o)
 .rela.text.GX_DrawDone
                0x0000000080004194        0x0 /opt/devkitpro/MLlib/lib/libMLlib.a(ML_video.o)
 .rela.text.GX_SetDispCopyGamma
                0x0000000080004194        0x0 /opt/devkitpro/MLlib/lib/libMLlib.a(ML_video.o)
 .rela.text.GX_SetDispCopyYScale
                0x0000000080004194        0x0 /opt/devkitpro/MLlib/lib/libMLlib.a(ML_video.o)
 .rela.text.GX_SetDispCopyDst
                0x0000000080004194        0x0 /opt/devkitpro/MLlib/lib/libMLlib.a(ML_video.o)
 .rela.text.GX_SetDispCopySrc
                0x0000000080004194        0x0 /opt/devkitpro/MLlib/lib/libMLlib.a(ML_video.o)
 .rela.text.GX_CopyDisp
                0x0000000080004194        0x0 /opt/devkitpro/MLlib/lib/libMLlib.a(ML_video.o)
 .rela.text.GX_SetVtxDesc
                0x0000000080004194        0x0 /opt/devkitpro/MLlib/lib/libMLlib.a(ML_video.o)
 .rela.text.GX_SetVtxAttrFmt
                0x0000000080004194        0x0 /opt/devkitpro/MLlib/lib/libMLlib.a(ML_video.o)
 .rela.text.GX_Begin
                0x0000000080004194        0x0 /opt/devkitpro/MLlib/lib/libMLlib.a(ML_video.o)
 .rela.text.GX_SetNumTexGens
                0x0000000080004194        0x0 /opt/devkitpro/MLlib/lib/libMLlib.a(ML_video.o)
 .rela.text.GX_SetZMode
                0x0000000080004194        0x0 /opt/devkitpro/MLlib/lib/libMLlib.a(ML_video.o)
 .rela.text.GX_LoadTexObjPreloaded
                0x0000000080004194        0x0 /opt/devkitpro/MLlib/lib/libMLlib.a(ML_video.o)
 .rela.text.GX_InvalidateTexAll
                0x0000000080004194        0x0 /opt/devkitpro/MLlib/lib/libMLlib.a(ML_video.o)
 .rela.text.GX_SetBlendMode
                0x0000000080004194        0x0 /opt/devkitpro/MLlib/lib/libMLlib.a(ML_video.o)
 .rela.text.GX_ClearVtxDesc
                0x0000000080004194        0x0 /opt/devkitpro/MLlib/lib/libMLlib.a(ML_video.o)
 .rela.text.GX_SetTevColorIn
                0x0000000080004194        0x0 /opt/devkitpro/MLlib/lib/libMLlib.a(ML_video.o)
 .rela.text.GX_SetTevAlphaIn
                0x0000000080004194        0x0 /opt/devkitpro/MLlib/lib/libMLlib.a(ML_video.o)
 .rela.text.GX_SetTevColorOp
                0x0000000080004194        0x0 /opt/devkitpro/MLlib/lib/libMLlib.a(ML_video.o)
 .rela.text.GX_SetTevAlphaOp
                0x0000000080004194        0x0 /opt/devkitpro/MLlib/lib/libMLlib.a(ML_video.o)
 .rela.text.GX_SetCullMode
                0x0000000080004194        0x0 /opt/devkitpro/MLlib/lib/libMLlib.a(ML_video.o)
 .rela.text.GX_SetScissor
                0x0000000080004194        0x0 /opt/devkitpro/MLlib/lib/libMLlib.a(ML_video.o)
 .rela.text.GX_SetNumChans
                0x0000000080004194        0x0 /opt/devkitpro/MLlib/lib/libMLlib.a(ML_video.o)
 .rela.text.GX_SetTevOrder
                0x0000000080004194        0x0 /opt/devkitpro/MLlib/lib/libMLlib.a(ML_video.o)
 .rela.text.GX_SetTevKColorSel
                0x0000000080004194        0x0 /opt/devkitpro/MLlib/lib/libMLlib.a(ML_video.o)
 .rela.text.GX_SetTevKAlphaSel
                0x0000000080004194        0x0 /opt/devkitpro/MLlib/lib/libMLlib.a(ML_video.o)
 .rela.text.GX_SetTevSwapModeTable
                0x0000000080004194        0x0 /opt/devkitpro/MLlib/lib/libMLlib.a(ML_video.o)
 .rela.text.GX_SetColorUpdate
                0x0000000080004194        0x0 /opt/devkitpro/MLlib/lib/libMLlib.a(ML_video.o)
 .rela.text.GX_SetAlphaUpdate
                0x0000000080004194        0x0 /opt/devkitpro/MLlib/lib/libMLlib.a(ML_video.o)
 .rela.text.GX_SetPixelFmt
                0x0000000080004194        0x0 /opt/devkitpro/MLlib/lib/libMLlib.a(ML_video.o)
 .rela.text.GX_SetFieldMode
                0x0000000080004194        0x0 /opt/devkitpro/MLlib/lib/libMLlib.a(ML_video.o)
 .rela.text.GX_SetGPMetric
                0x0000000080004194        0x0 /opt/devkitpro/MLlib/lib/libMLlib.a(ML_video.o)
 .rela.text.GX_Init
                0x0000000080004194        0x0 /opt/devkitpro/MLlib/lib/libMLlib.a(ML_video.o)
 .rela.text.__CheckARGV
                0x0000000080004194        0x0 /opt/devkitpro/MLlib/lib/libMLlib.a(ML_video.o)

.rel.fini
 *(.rel.fini)

.rela.fini
 *(.rela.fini)

.rel.rodata
 *(.rel.rodata .rel.rodata.* .rel.gnu.linkonce.r.*)

.rela.rodata
 *(.rela.rodata .rela.rodata.* .rela.gnu.linkonce.r.*)

.rel.data
 *(.rel.data .rel.data.* .rel.gnu.linkonce.d.*)

.rela.data
 *(.rela.data .rela.data.* .rela.gnu.linkonce.d.*)

.rel.tdata
 *(.rel.tdata .rel.tdata.* .rel.gnu.linkonce.td.*)

.rela.tdata
 *(.rela.tdata .rela.tdata.* .rela.gnu.linkonce.td.*)

.rel.tbss
 *(.rel.tbss .rel.tbss.* .rel.gnu.linkonce.tb.*)

.rela.tbss
 *(.rela.tbss .rela.tbss.* .rela.gnu.linkonce.tb.*)

.rel.ctors
 *(.rel.ctors)

.rela.ctors
 *(.rela.ctors)

.rel.dtors
 *(.rel.dtors)

.rela.dtors
 *(.rela.dtors)

.rel.got
 *(.rel.got)

.rela.got
 *(.rela.got)

.rela.got1
 *(.rela.got1)

.rela.got2
 *(.rela.got2)

.rel.sdata
 *(.rel.sdata .rel.sdata.* .rel.gnu.linkonce.s.*)

.rela.sdata
 *(.rela.sdata .rela.sdata.* .rela.gnu.linkonce.s.*)

.rel.sbss
 *(.rel.sbss .rel.sbss.* .rel.gnu.linkonce.sb.*)

.rela.sbss
 *(.rela.sbss .rela.sbss.* .rel.gnu.linkonce.sb.*)

.rel.sdata2
 *(.rel.sdata2 .rel.sdata2.* .rel.gnu.linkonce.s2.*)

.rela.sdata2    0x0000000080004194        0x0
 *(.rela.sdata2 .rela.sdata2.* .rela.gnu.linkonce.s2.*)
 .rela.sdata2.__sys_inIPL
                0x0000000080004194        0x0 /opt/devkitpro/MLlib/lib/libMLlib.a(ML_video.o)

.rel.sbss2
 *(.rel.sbss2 .rel.sbss2.* .rel.gnu.linkonce.sb2.*)

.rela.sbss2
 *(.rela.sbss2 .rela.sbss2.* .rela.gnu.linkonce.sb2.*)

.rel.bss
 *(.rel.bss .rel.bss.* .rel.gnu.linkonce.b.*)

.rela.bss
 *(.rela.bss .rela.bss.* .rela.gnu.linkonce.b.*)

.rel.plt
 *(.rel.plt)

.rela.plt
 *(.rela.plt)

.text           0x00000000800041a0    0xa3e00
 *(.text)
 .text          0x00000000800041a0      0x138 /opt/devkitpro/libogc/lib/wii/libfreetype.a(ftinit.o)
                0x00000000800041a0                FT_Done_FreeType
                0x00000000800041e0                FT_Add_Default_Modules
                0x0000000080004234                FT_Init_FreeType
 .text          0x00000000800042d8     0xaabc /opt/devkitpro/libogc/lib/wii/libfreetype.a(ftbase.o)
                0x00000000800042d8                FT_RoundFix
                0x0000000080004308                FT_CeilFix
                0x0000000080004338                FT_FloorFix
                0x0000000080004358                FT_Sqrt32
                0x000000008000446c                FT_MulDiv
                0x0000000080004654                FT_MulDiv_No_Round
                0x0000000080004744                FT_MulFix
                0x00000000800047e4                FT_DivFix
                0x00000000800048b4                FT_Matrix_Multiply
                0x00000000800049e4                FT_Matrix_Invert
                0x0000000080004acc                FT_Matrix_Multiply_Scaled
                0x0000000080004c0c                FT_Vector_Transform_Scaled
                0x0000000080004ccc                FT_SqrtFixed
                0x0000000080004d24                ft_corner_orientation
                0x0000000080004e40                ft_corner_is_flat
                0x0000000080004eb8                FT_GlyphLoader_Rewind
                0x0000000080004f6c                FT_GlyphLoader_Prepare
                0x0000000080004fb0                FT_GlyphLoader_Add
                0x000000008000501c                FT_Get_Sfnt_Name_Count
                0x0000000080005040                ft_validator_init
                0x0000000080005058                ft_validator_run
                0x0000000080005060                FT_Set_Transform
                0x00000000800051f8                FT_Match_Size
                0x0000000080005350                ft_synthesize_vertical_metrics
                0x0000000080005470                FT_Select_Metrics
                0x0000000080005548                FT_Select_Size
                0x00000000800055e0                FT_Get_Kerning
                0x0000000080005738                FT_Get_Track_Kerning
                0x0000000080005804                FT_Select_Charmap
                0x0000000080005888                FT_Get_Charmap_Index
                0x00000000800058dc                FT_Get_Char_Index
                0x0000000080005930                FT_Get_Next_Char
                0x00000000800059ac                FT_Get_First_Char
                0x0000000080005a34                FT_Get_Name_Index
                0x0000000080005b0c                FT_Get_Glyph_Name
                0x0000000080005c34                FT_Get_Postscript_Name
                0x0000000080005cf0                FT_Get_Sfnt_Table
                0x0000000080005d7c                FT_Load_Sfnt_Table
                0x0000000080005e60                FT_Sfnt_Table_Info
                0x0000000080005f30                FT_Get_CMap_Language_ID
                0x0000000080005fcc                FT_Get_CMap_Format
                0x0000000080006058                FT_Set_Charmap
                0x000000008000619c                FT_Face_GetCharsOfVariant
                0x0000000080006214                FT_Face_GetVariantsOfChar
                0x000000008000628c                FT_Face_GetVariantSelectors
                0x00000000800062f0                FT_Face_GetCharVariantIsDefault
                0x0000000080006358                FT_Face_GetCharVariantIndex
                0x0000000080006400                FT_Activate_Size
                0x000000008000643c                FT_Lookup_Renderer
                0x00000000800064f0                FT_Get_Renderer
                0x00000000800064f8                ft_module_get_service
                0x00000000800065e4                FT_Library_Version
                0x0000000080006630                FT_Set_Debug_Hook
                0x0000000080006658                ft_stub_set_char_sizes
                0x00000000800066e8                ft_stub_set_pixel_sizes
                0x0000000080006754                FT_Get_SubGlyph_Info
                0x0000000080006808                FT_Outline_Decompose
                0x0000000080006cc4                FT_Outline_Check
                0x0000000080006d3c                FT_Outline_Get_CBox
                0x0000000080006dfc                FT_Outline_Translate
                0x0000000080006e4c                FT_Outline_Reverse
                0x0000000080006f28                FT_Vector_Transform
                0x0000000080006fd0                FT_Outline_Transform
                0x0000000080007048                FT_Outline_Get_Orientation
                0x0000000080007430                FT_Stream_OpenMemory
                0x0000000080007450                FT_Stream_Close
                0x0000000080007488                FT_Stream_Seek
                0x00000000800074e8                FT_Raccess_Guess
                0x0000000080007608                FT_Stream_Skip
                0x0000000080007624                FT_Stream_Pos
                0x000000008000762c                FT_Stream_GetChar
                0x0000000080007658                FT_Stream_GetShort
                0x0000000080007694                FT_Stream_GetShortLE
                0x00000000800076d0                FT_Stream_GetOffset
                0x0000000080007718                FT_Stream_GetLong
                0x0000000080007768                FT_Stream_GetLongLE
                0x00000000800077b8                FT_Stream_ReadChar
                0x000000008000787c                FT_Stream_ReadShort
                0x0000000080007964                FT_Stream_ReadShortLE
                0x0000000080007a4c                FT_Stream_ReadOffset
                0x0000000080007b40                FT_Stream_ReadLong
                0x0000000080007de0                FT_Stream_ReadLongLE
                0x0000000080008208                FT_Cos
                0x0000000080008250                FT_Sin
                0x000000008000825c                FT_Tan
                0x00000000800082a4                FT_Atan2
                0x00000000800082f8                FT_Vector_Unit
                0x0000000080008350                FT_Vector_Rotate
                0x0000000080008460                FT_Vector_Length
                0x0000000080008524                FT_Vector_Polarize
                0x00000000800085d0                FT_Vector_From_Polar
                0x00000000800085e4                FT_Angle_Diff
                0x0000000080008648                FT_Outline_Embolden
                0x00000000800088ac                ft_mem_qalloc
                0x0000000080008914                ft_mem_free
                0x0000000080008944                FT_Stream_ExitFrame
                0x0000000080008998                FT_Stream_EnterFrame
                0x0000000080008b10                FT_Stream_ExtractFrame
                0x0000000080008b60                FT_Stream_ReleaseFrame
                0x0000000080008bb0                FT_Outline_Done_Internal
                0x0000000080008c8c                FT_Outline_Done
                0x0000000080008e70                ft_glyphslot_free_bitmap
                0x0000000080008ef4                ft_glyphslot_set_bitmap
                0x0000000080008f30                FT_Stream_Free
                0x0000000080008fa4                FT_GlyphLoader_Reset
                0x0000000080009048                FT_GlyphLoader_Done
                0x000000008000916c                FT_Done_GlyphSlot
                0x0000000080009218                ft_mem_strcpyn
                0x000000008000926c                FT_List_Find
                0x00000000800092a4                FT_List_Add
                0x00000000800092d4                FT_List_Insert
                0x0000000080009304                FT_List_Remove
                0x000000008000933c                FT_Done_Size
                0x000000008000942c                FT_List_Up
                0x0000000080009490                FT_Set_Renderer
                0x0000000080009578                FT_Outline_Render
                0x00000000800096a8                FT_Outline_Get_Bitmap
                0x0000000080009710                FT_Render_Glyph_Internal
                0x0000000080009874                FT_Render_Glyph
                0x000000008000989c                FT_List_Iterate
                0x0000000080009908                FT_List_Finalize
                0x00000000800099c4                FT_Remove_Module
                0x0000000080009d00                FT_Done_Face
                0x0000000080009dc8                FT_Done_Library
                0x0000000080009ee4                ft_highpow2
                0x0000000080009f04                FT_QAlloc
                0x0000000080009f3c                FT_Free
                0x0000000080009f7c                ft_mem_dup
                0x000000008000a000                ft_mem_strdup
                0x000000008000a088                FT_Stream_ReadFields
                0x000000008000a344                FT_Stream_TryRead
                0x000000008000a3ec                FT_Stream_ReadAt
                0x000000008000a4a4                FT_Stream_Read
                0x000000008000a4b8                FT_Raccess_Get_HeaderInfo
                0x000000008000a6f8                FT_Outline_Copy
                0x000000008000a7c4                ft_mem_alloc
                0x000000008000a838                FT_Alloc
                0x000000008000a870                ft_mem_qrealloc
                0x000000008000a99c                FT_QRealloc
                0x000000008000a9e4                ft_mem_realloc
                0x000000008000aab0                FT_Realloc
                0x000000008000aaf8                FT_Outline_New_Internal
                0x000000008000ac6c                FT_Outline_New
                0x000000008000ac84                FT_CMap_Done
                0x000000008000ade8                FT_Get_Sfnt_Name
                0x000000008000af48                FT_GlyphLoader_CheckSubGlyphs
                0x000000008000affc                FT_GlyphLoader_CreateExtra
                0x000000008000b28c                FT_New_Library
                0x000000008000b394                FT_CMap_New
                0x000000008000b524                FT_New_Size
                0x000000008000b804                ft_glyphslot_alloc_bitmap
                0x000000008000b8c0                FT_GlyphLoader_New
                0x000000008000b918                FT_New_GlyphSlot
                0x000000008000bad0                FT_Request_Metrics
                0x000000008000be10                FT_Request_Size
                0x000000008000bf08                FT_Set_Pixel_Sizes
                0x000000008000bf9c                FT_Set_Char_Size
                0x000000008000c068                FT_Load_Glyph
                0x000000008000c57c                FT_Load_Char
                0x000000008000c5f4                FT_Get_Advances
                0x000000008000c798                FT_Get_Advance
                0x000000008000caa8                FT_Raccess_Get_DataOffsets
                0x000000008000cd84                FT_Get_FSType_Flags
                0x000000008000ce10                FT_Get_Module
                0x000000008000ceb0                FT_Get_TrueType_Engine_Type
                0x000000008000cf14                FT_Get_Module_Interface
                0x000000008000cf4c                FT_Add_Module
                0x000000008000d2a4                ft_service_list_lookup
                0x000000008000d320                FT_Stream_New
                0x000000008000d764                FT_Attach_Stream
                0x000000008000d820                FT_Attach_File
                0x000000008000d86c                FT_Open_Face
                0x000000008000e9d4                FT_New_Memory_Face
                0x000000008000ea28                FT_New_Face
                0x000000008000ea6c                ft_validator_error
                0x000000008000ea88                FT_GlyphLoader_CheckPoints
                0x000000008000ec74                FT_GlyphLoader_CopyPoints
 .text          0x000000008000ed94      0x1c0 /opt/devkitpro/libogc/lib/wii/libfreetype.a(fttype1.o)
                0x000000008000ed94                FT_Get_PS_Font_Info
                0x000000008000ee30                FT_Has_PS_Glyph_Names
                0x000000008000eeb8                FT_Get_PS_Font_Private
 .text          0x000000008000ef54     0xacd8 /opt/devkitpro/libogc/lib/wii/libfreetype.a(truetype.o)
                0x0000000080016664                TT_New_Context
                0x000000008001724c                TT_RunIns
 .text          0x0000000080019c2c     0x5380 /opt/devkitpro/libogc/lib/wii/libfreetype.a(type1.o)
 .text          0x000000008001efac     0x8e80 /opt/devkitpro/libogc/lib/wii/libfreetype.a(sfnt.o)
 .text          0x0000000080027e2c     0x588c /opt/devkitpro/libogc/lib/wii/libfreetype.a(autofit.o)
                0x0000000080027edc                af_glyph_hints_dump_points
                0x0000000080027ee0                af_glyph_hints_dump_segments
                0x0000000080027ee4                af_glyph_hints_dump_edges
 .text          0x000000008002d6b8     0x3cec /opt/devkitpro/libogc/lib/wii/libfreetype.a(pshinter.o)
                0x000000008003021c                ps_hints_apply
 .text          0x00000000800313a4     0x2824 /opt/devkitpro/libogc/lib/wii/libfreetype.a(raster.o)
 .text          0x0000000080033bc8     0x21d8 /opt/devkitpro/libogc/lib/wii/libfreetype.a(smooth.o)
 .text          0x0000000080035da0     0x4834 /opt/devkitpro/libogc/lib/wii/libfreetype.a(psaux.o)
 .text          0x000000008003a5d4      0x8b0 /opt/devkitpro/libogc/lib/wii/libfreetype.a(psnames.o)
 .text          0x000000008003ae84      0x23c /opt/devkitpro/libogc/lib/wii/libfreetype.a(ftsystem.o)
                0x000000008003ae84                FT_Done_Memory
                0x000000008003aec8                FT_New_Memory
                0x000000008003af6c                FT_Stream_Open
 .text          0x000000008003b0c0      0x44c /opt/devkitpro/libogc/lib/wii/libogc.a(lwp_handler.o)
                0x000000008003b0c0                _cpu_context_save_fp
                0x000000008003b200                _cpu_context_restore_fp
                0x000000008003b340                _cpu_context_switch
                0x000000008003b420                _cpu_context_save
                0x000000008003b4a0                _cpu_context_restore
 .text          0x000000008003b50c      0x4f4 /opt/devkitpro/libogc/lib/wii/libogc.a(cache_asm.o)
                0x000000008003b50c                DCFlashInvalidate
                0x000000008003b520                DCEnable
                0x000000008003b534                DCDisable
                0x000000008003b548                DCFreeze
                0x000000008003b55c                DCUnfreeze
                0x000000008003b570                DCTouchLoad
                0x000000008003b578                DCBlockZero
                0x000000008003b580                DCBlockStore
                0x000000008003b588                DCBlockFlush
                0x000000008003b590                DCBlockInvalidate
                0x000000008003b598                DCInvalidateRange
                0x000000008003b5c8                DCFlushRange
                0x000000008003b5fc                DCStoreRange
                0x000000008003b630                DCFlushRangeNoSync
                0x000000008003b660                DCStoreRangeNoSync
                0x000000008003b690                DCZeroRange
                0x000000008003b6c0                DCTouchRange
                0x000000008003b6f0                ICInvalidateRange
                0x000000008003b728                ICFlashInvalidate
                0x000000008003b73c                ICEnable
                0x000000008003b750                ICDisable
                0x000000008003b764                ICFreeze
                0x000000008003b778                ICUnfreeze
                0x000000008003b78c                ICBlockInvalidate
                0x000000008003b794                ICSync
                0x000000008003b79c                L2Init
                0x000000008003b7e4                L2Enable
                0x000000008003b800                L2Disable
                0x000000008003b818                L2GlobalInvalidate
                0x000000008003b870                __LCEnable
                0x000000008003b93c                LCDisable
                0x000000008003b964                LCAllocOneTag
                0x000000008003b978                LCAllocTags
                0x000000008003b9b8                LCLoadBlocks
                0x000000008003b9dc                LCStoreBlocks
 .text          0x000000008003ba00      0x4a0 /opt/devkitpro/libogc/lib/wii/libogc.a(system_asm.o)
                0x000000008003ba00                __realmode
                0x000000008003ba18                __configBATS
                0x000000008003bb48                __InitFPRS
                0x000000008003bc74                __InitPS
                0x000000008003bcd0                __InitCache
                0x000000008003bd28                __InitSystem
                0x000000008003bdb0                __flush_cache
                0x000000008003bde4                __reset
                0x000000008003be54                __InitBATS
                0x000000008003be70                SYS_SwitchFiber
 .text          0x000000008003bea0      0x8dc /opt/devkitpro/libogc/lib/wii/libogc.a(gu_psasm.o)
                0x000000008003bea0                ps_guMtxConcat
                0x000000008003bf64                ps_guMtxIdentity
                0x000000008003bf90                ps_guMtxCopy
                0x000000008003bfc4                ps_guMtxTranspose
                0x000000008003c014                ps_guMtxInverse
                0x000000008003c10c                ps_guMtxInvXpose
                0x000000008003c1d4                ps_guMtxScale
                0x000000008003c1fc                ps_guMtxScaleApply
                0x000000008003c254                ps_guMtxApplyScale
                0x000000008003c2b8                ps_guMtxTrans
                0x000000008003c2ec                ps_guMtxTransApply
                0x000000008003c338                ps_guMtxApplyTrans
                0x000000008003c3b4                ps_guMtxRotTrig
                0x000000008003c464                __ps_guMtxRotAxisRadInternal
                0x000000008003c524                ps_guMtxReflect
                0x000000008003c594                ps_guVecAdd
                0x000000008003c5b8                ps_guVecSub
                0x000000008003c5dc                ps_guVecScale
                0x000000008003c5f8                ps_guVecNormalize
                0x000000008003c63c                ps_guVecCross
                0x000000008003c678                ps_guVecDotProduct
                0x000000008003c698                ps_guVecMultiply
                0x000000008003c6ec                ps_guVecMultiplySR
                0x000000008003c75c                ps_guQuatDotProduct
 .text          0x000000008003c77c      0x1ac /opt/devkitpro/libogc/lib/wii/libogc.a(irq_handler.o)
                0x000000008003c77c                irq_exceptionhandler
 .text          0x000000008003c928      0x118 /opt/devkitpro/libogc/lib/wii/libogc.a(video_asm.o)
                0x000000008003c928                __VIClearFramebuffer
 .text          0x000000008003ca40      0x1ac /opt/devkitpro/libogc/lib/wii/libogc.a(decrementer_handler.o)
                0x000000008003ca40                dec_exceptionhandler
 .text          0x000000008003cbec      0x35c /opt/devkitpro/libogc/lib/wii/libogc.a(exception_handler.o)
                0x000000008003cbec                exceptionhandler_start
                0x000000008003cc68                exceptionhandler_patch
                0x000000008003cc9c                exceptionhandler_end
                0x000000008003cca0                default_exceptionhandler
                0x000000008003cdd0                fpu_exceptionhandler
                0x000000008003cf18                systemcallhandler_start
                0x000000008003cf44                systemcallhandler_end
 .text          0x000000008003cf48       0x48 /opt/devkitpro/devkitPPC/bin/../lib/gcc/powerpc-eabi/10.2.0/libgcc.a(eabi.o)
                0x000000008003cf48                __eabi
 .text          0x000000008003cf90      0x180 /opt/devkitpro/devkitPPC/bin/../lib/gcc/powerpc-eabi/10.2.0/../../../../powerpc-eabi/lib/libc.a(lib_a-setjmp.o)
                0x000000008003cf90                setjmp
                0x000000008003d04c                longjmp
 *(.text.*)
 .text.deregister_tm_clones
                0x000000008003d110       0x30 /opt/devkitpro/devkitPPC/bin/../lib/gcc/powerpc-eabi/10.2.0/crtbegin.o
 .text.register_tm_clones
                0x000000008003d140       0x3c /opt/devkitpro/devkitPPC/bin/../lib/gcc/powerpc-eabi/10.2.0/crtbegin.o
 .text.__do_global_dtors_aux
                0x000000008003d17c       0xd0 /opt/devkitpro/devkitPPC/bin/../lib/gcc/powerpc-eabi/10.2.0/crtbegin.o
 .text.frame_dummy
                0x000000008003d24c       0x44 /opt/devkitpro/devkitPPC/bin/../lib/gcc/powerpc-eabi/10.2.0/crtbegin.o
 .text.__crtmain
                0x000000008003d290       0x44 /opt/devkitpro/devkitPPC/bin/../lib/gcc/powerpc-eabi/10.2.0/../../../../powerpc-eabi/lib/crtmain.o
                0x000000008003d294                __crtmain
 .text.refreshButtonPressedText
                0x000000008003d2d4      0x1f0 main.o
                0x000000008003d2d4                refreshButtonPressedText
 .text.startup.main
                0x000000008003d4c4      0x600 main.o
                0x000000008003d4c4                main
 .text.ML_Init  0x000000008003dac4       0x94 /opt/devkitpro/MLlib/lib/libMLlib.a(ML_init.o)
                0x000000008003dac4                ML_Init
 .text.ML_InitPad
                0x000000008003db58       0x40 /opt/devkitpro/MLlib/lib/libMLlib.a(ML_input.o)
                0x000000008003db58                ML_InitPad
 .text.ML_GetNunchuk
                0x000000008003db98      0x148 /opt/devkitpro/MLlib/lib/libMLlib.a(ML_input.o)
                0x000000008003db98                ML_GetNunchuk
 .text.ML_GetCPad
                0x000000008003dce0      0x35c /opt/devkitpro/MLlib/lib/libMLlib.a(ML_input.o)
                0x000000008003dce0                ML_GetCPad
 .text.ML_GetGuitar
                0x000000008003e03c      0x238 /opt/devkitpro/MLlib/lib/libMLlib.a(ML_input.o)
                0x000000008003e03c                ML_GetGuitar
 .text.ML_GetPadsWii
                0x000000008003e274      0x494 /opt/devkitpro/MLlib/lib/libMLlib.a(ML_input.o)
                0x000000008003e274                ML_GetPadsWii
 .text.ML_GetPadsGC
                0x000000008003e708      0x3c8 /opt/devkitpro/MLlib/lib/libMLlib.a(ML_input.o)
                0x000000008003e708                ML_GetPadsGC
 .text.ML_GetPads
                0x000000008003ead0       0x20 /opt/devkitpro/MLlib/lib/libMLlib.a(ML_input.o)
                0x000000008003ead0                ML_GetPads
 .text._doSystemReset
                0x000000008003eaf0        0xc /opt/devkitpro/MLlib/lib/libMLlib.a(ML_input.o)
                0x000000008003eaf0                _doSystemReset
 .text._doPowerOff
                0x000000008003eafc        0xc /opt/devkitpro/MLlib/lib/libMLlib.a(ML_input.o)
                0x000000008003eafc                _doPowerOff
 .text._doPadPowerOff
                0x000000008003eb08       0x14 /opt/devkitpro/MLlib/lib/libMLlib.a(ML_input.o)
                0x000000008003eb08                _doPadPowerOff
 .text.ML_InitMP3
                0x000000008003eb1c       0x38 /opt/devkitpro/MLlib/lib/libMLlib.a(ML_mp3player.o)
                0x000000008003eb1c                ML_InitMP3
 .text.ML_StopMP3
                0x000000008003eb54       0x20 /opt/devkitpro/MLlib/lib/libMLlib.a(ML_mp3player.o)
                0x000000008003eb54                ML_StopMP3
 .text.ML_IsPlayingMP3
                0x000000008003eb74       0x2c /opt/devkitpro/MLlib/lib/libMLlib.a(ML_mp3player.o)
                0x000000008003eb74                ML_IsPlayingMP3
 .text.ML_PlayMP3FromBuffer
                0x000000008003eba0       0x24 /opt/devkitpro/MLlib/lib/libMLlib.a(ML_mp3player.o)
                0x000000008003eba0                ML_PlayMP3FromBuffer
 .text.ML_LoadSpriteFromBuffer
                0x000000008003ebc4      0x174 /opt/devkitpro/MLlib/lib/libMLlib.a(ML_video.o)
                0x000000008003ebc4                ML_LoadSpriteFromBuffer
 .text.ML_DisableClipping
                0x000000008003ed38       0x3c /opt/devkitpro/MLlib/lib/libMLlib.a(ML_video.o)
                0x000000008003ed38                ML_DisableClipping
 .text.ML_EnableTextureAntiAliasing
                0x000000008003ed74        0xc /opt/devkitpro/MLlib/lib/libMLlib.a(ML_video.o)
                0x000000008003ed74                ML_EnableTextureAntiAliasing
 .text._drawImage
                0x000000008003ed80      0x8bc /opt/devkitpro/MLlib/lib/libMLlib.a(ML_video.o)
                0x000000008003ed80                _drawImage
 .text.FreeTypeGX_copyTextureToFramebuffer
                0x000000008003f63c      0x3dc /opt/devkitpro/MLlib/lib/libMLlib.a(ML_video.o)
                0x000000008003f63c                FreeTypeGX_copyTextureToFramebuffer
 .text.FreeTypeGX_copyFeatureToFramebuffer
                0x000000008003fa18      0x2f0 /opt/devkitpro/MLlib/lib/libMLlib.a(ML_video.o)
                0x000000008003fa18                FreeTypeGX_copyFeatureToFramebuffer
 .text.ML_GX_Init
                0x000000008003fd08      0x35c /opt/devkitpro/MLlib/lib/libMLlib.a(ML_video.o)
                0x000000008003fd08                ML_GX_Init
 .text.ML_GX_Refresh
                0x0000000080040064       0x50 /opt/devkitpro/MLlib/lib/libMLlib.a(ML_video.o)
                0x0000000080040064                ML_GX_Refresh
 .text.ML_InitVideo
                0x00000000800400b4      0x138 /opt/devkitpro/MLlib/lib/libMLlib.a(ML_video.o)
                0x00000000800400b4                ML_InitVideo
 .text.ML_VSync
                0x00000000800401ec       0x4c /opt/devkitpro/MLlib/lib/libMLlib.a(ML_video.o)
                0x00000000800401ec                ML_VSync
 .text.ML_RefreshConsoleMode
                0x0000000080040238       0x38 /opt/devkitpro/MLlib/lib/libMLlib.a(ML_video.o)
                0x0000000080040238                ML_RefreshConsoleMode
 .text.ML_Refresh
                0x0000000080040270       0x3c /opt/devkitpro/MLlib/lib/libMLlib.a(ML_video.o)
                0x0000000080040270                ML_Refresh
 .text.ML_GX_FreeMemory
                0x00000000800402ac       0x6c /opt/devkitpro/MLlib/lib/libMLlib.a(ML_video.o)
                0x00000000800402ac                ML_GX_FreeMemory
 .text._flushAndClean
                0x0000000080040318       0xbc /opt/devkitpro/MLlib/lib/libMLlib.a(ML_system.o)
                0x0000000080040318                _flushAndClean
 .text.ML_CallbackForPowerAndReset
                0x00000000800403d4       0x84 /opt/devkitpro/MLlib/lib/libMLlib.a(ML_system.o)
                0x00000000800403d4                ML_CallbackForPowerAndReset
 .text.ML_Exit  0x0000000080040458       0xe0 /opt/devkitpro/MLlib/lib/libMLlib.a(ML_system.o)
                0x0000000080040458                ML_Exit
 .text._initSprite
                0x0000000080040538       0x5c /opt/devkitpro/MLlib/lib/libMLlib.a(ML_sprites.o)
                0x0000000080040538                _initSprite
 .text.ML_InitTile
                0x0000000080040594       0x2c /opt/devkitpro/MLlib/lib/libMLlib.a(ML_sprites.o)
                0x0000000080040594                ML_InitTile
 .text.ML_IsSpriteVisible
                0x00000000800405c0       0x70 /opt/devkitpro/MLlib/lib/libMLlib.a(ML_sprites.o)
                0x00000000800405c0                ML_IsSpriteVisible
 .text.ML_DrawTile
                0x0000000080040630       0xb4 /opt/devkitpro/MLlib/lib/libMLlib.a(ML_sprites.o)
                0x0000000080040630                ML_DrawTile
 .text.ML_SetSpriteScale
                0x00000000800406e4        0xc /opt/devkitpro/MLlib/lib/libMLlib.a(ML_sprites.o)
                0x00000000800406e4                ML_SetSpriteScale
 .text.ML_InitFont
                0x00000000800406f0       0x58 /opt/devkitpro/MLlib/lib/libMLlib.a(ML_font.o)
                0x00000000800406f0                ML_InitFont
 .text.ML_QuitFont
                0x0000000080040748       0x38 /opt/devkitpro/MLlib/lib/libMLlib.a(ML_font.o)
                0x0000000080040748                ML_QuitFont
 .text.FreeTypeGX_drawTextFeature
                0x0000000080040780      0x134 /opt/devkitpro/MLlib/lib/libMLlib.a(ML_font.o)
                0x0000000080040780                FreeTypeGX_drawTextFeature
 .text.FreeTypeGX_charToWideChar
                0x00000000800408b4       0x8c /opt/devkitpro/MLlib/lib/libMLlib.a(ML_font.o)
                0x00000000800408b4                FreeTypeGX_charToWideChar
 .text.Metaphrasis_convertBufferToRGBA8
                0x0000000080040940      0x18c /opt/devkitpro/MLlib/lib/libMLlib.a(ML_font.o)
                0x0000000080040940                Metaphrasis_convertBufferToRGBA8
 .text.FreeTypeGX_loadGlyphData
                0x0000000080040acc      0x114 /opt/devkitpro/MLlib/lib/libMLlib.a(ML_font.o)
                0x0000000080040acc                FreeTypeGX_loadGlyphData
 .text._findTexInFtMap
                0x0000000080040be0      0x19c /opt/devkitpro/MLlib/lib/libMLlib.a(ML_font.o)
                0x0000000080040be0                _findTexInFtMap
 .text.FreeTypeGX_getHeight
                0x0000000080040d7c       0xb0 /opt/devkitpro/MLlib/lib/libMLlib.a(ML_font.o)
                0x0000000080040d7c                FreeTypeGX_getHeight
 .text.FreeTypeGX_getWidthEx
                0x0000000080040e2c       0xa0 /opt/devkitpro/MLlib/lib/libMLlib.a(ML_font.o)
                0x0000000080040e2c                FreeTypeGX_getWidthEx
 .text.FreeTypeGX_getWidth
                0x0000000080040ecc      0x10c /opt/devkitpro/MLlib/lib/libMLlib.a(ML_font.o)
                0x0000000080040ecc                FreeTypeGX_getWidth
 .text.ML_DrawText
                0x0000000080040fd8      0x5ec /opt/devkitpro/MLlib/lib/libMLlib.a(ML_font.o)
                0x0000000080040fd8                ML_DrawText
 .text._addTexToFtMap
                0x00000000800415c4      0x4cc /opt/devkitpro/MLlib/lib/libMLlib.a(ML_font.o)
                0x00000000800415c4                _addTexToFtMap
 .text.FreeTypeGX_cacheGlyphData
                0x0000000080041a90      0x148 /opt/devkitpro/MLlib/lib/libMLlib.a(ML_font.o)
                0x0000000080041a90                FreeTypeGX_cacheGlyphData
 .text.FreeTypeGX_cacheGlyphDataComplete
                0x0000000080041bd8       0xa4 /opt/devkitpro/MLlib/lib/libMLlib.a(ML_font.o)
                0x0000000080041bd8                FreeTypeGX_cacheGlyphDataComplete
 .text.ML_LoadFontFromBuffer
                0x0000000080041c7c      0x11c /opt/devkitpro/MLlib/lib/libMLlib.a(ML_font.o)
                0x0000000080041c7c                ML_LoadFontFromBuffer
 .text._initImage
                0x0000000080041d98       0x18 /opt/devkitpro/MLlib/lib/libMLlib.a(ML_images.o)
                0x0000000080041d98                _initImage
 .text.ML_DeleteImage
                0x0000000080041db0       0x40 /opt/devkitpro/MLlib/lib/libMLlib.a(ML_images.o)
                0x0000000080041db0                ML_DeleteImage
 .text.__image_load_buffer
                0x0000000080041df0       0x5c /opt/devkitpro/MLlib/lib/libMLlib.a(PNG.o)
 .text.read_png_gx_file_buffer
                0x0000000080041e4c      0x544 /opt/devkitpro/MLlib/lib/libMLlib.a(PNG.o)
                0x0000000080041e4c                read_png_gx_file_buffer
 .text.setAsnd  0x0000000080042390        0x8 /opt/devkitpro/MLlib/lib/libMLlib.a(globals.o)
                0x0000000080042390                setAsnd
 .text.getAsnd  0x0000000080042398        0x8 /opt/devkitpro/MLlib/lib/libMLlib.a(globals.o)
                0x0000000080042398                getAsnd
 .text.setPowerOff
                0x00000000800423a0        0x8 /opt/devkitpro/MLlib/lib/libMLlib.a(globals.o)
                0x00000000800423a0                setPowerOff
 .text.setReset
                0x00000000800423a8        0x8 /opt/devkitpro/MLlib/lib/libMLlib.a(globals.o)
                0x00000000800423a8                setReset
 .text.getTTF   0x00000000800423b0        0x8 /opt/devkitpro/MLlib/lib/libMLlib.a(globals.o)
                0x00000000800423b0                getTTF
 .text.setTTF   0x00000000800423b8        0x8 /opt/devkitpro/MLlib/lib/libMLlib.a(globals.o)
                0x00000000800423b8                setTTF
 .text.getAA    0x00000000800423c0        0x8 /opt/devkitpro/MLlib/lib/libMLlib.a(globals.o)
                0x00000000800423c0                getAA
 .text.setAA    0x00000000800423c8        0x8 /opt/devkitpro/MLlib/lib/libMLlib.a(globals.o)
                0x00000000800423c8                setAA
 .text.setStartTime
                0x00000000800423d0        0x8 /opt/devkitpro/MLlib/lib/libMLlib.a(globals.o)
                0x00000000800423d0                setStartTime
 .text.png_get_io_ptr
                0x00000000800423d8       0x18 /opt/devkitpro/libogc/lib/wii/libpng.a(png.o)
                0x00000000800423d8                png_get_io_ptr
 .text.png_handle_as_unknown
                0x00000000800423f0       0xac /opt/devkitpro/libogc/lib/wii/libpng.a(png.o)
                0x00000000800423f0                png_handle_as_unknown
 .text.png_sig_cmp
                0x000000008004249c       0x8c /opt/devkitpro/libogc/lib/wii/libpng.a(png.o)
                0x000000008004249c                png_sig_cmp
 .text.png_zfree
                0x0000000080042528       0x20 /opt/devkitpro/libogc/lib/wii/libpng.a(png.o)
                0x0000000080042528                png_zfree
 .text.png_free_data
                0x0000000080042548      0x548 /opt/devkitpro/libogc/lib/wii/libpng.a(png.o)
                0x0000000080042548                png_free_data
 .text.png_zalloc
                0x0000000080042a90       0x80 /opt/devkitpro/libogc/lib/wii/libpng.a(png.o)
                0x0000000080042a90                png_zalloc
 .text.png_info_init_3
                0x0000000080042b10       0x5c /opt/devkitpro/libogc/lib/wii/libpng.a(png.o)
                0x0000000080042b10                png_info_init_3
 .text.png_info_destroy
                0x0000000080042b6c       0x68 /opt/devkitpro/libogc/lib/wii/libpng.a(png.o)
                0x0000000080042b6c                png_info_destroy
 .text.png_create_info_struct
                0x0000000080042bd4       0x58 /opt/devkitpro/libogc/lib/wii/libpng.a(png.o)
                0x0000000080042bd4                png_create_info_struct
 .text.png_calculate_crc
                0x0000000080042c2c       0x70 /opt/devkitpro/libogc/lib/wii/libpng.a(png.o)
                0x0000000080042c2c                png_calculate_crc
 .text.png_reset_crc
                0x0000000080042c9c       0x3c /opt/devkitpro/libogc/lib/wii/libpng.a(png.o)
                0x0000000080042c9c                png_reset_crc
 .text.png_set_error_fn
                0x0000000080042cd8       0x18 /opt/devkitpro/libogc/lib/wii/libpng.a(pngerror.o)
                0x0000000080042cd8                png_set_error_fn
 .text.png_format_buffer
                0x0000000080042cf0      0x10c /opt/devkitpro/libogc/lib/wii/libpng.a(pngerror.o)
 .text.png_warning
                0x0000000080042dfc      0x11c /opt/devkitpro/libogc/lib/wii/libpng.a(pngerror.o)
                0x0000000080042dfc                png_warning
 .text.png_chunk_warning
                0x0000000080042f18       0x50 /opt/devkitpro/libogc/lib/wii/libpng.a(pngerror.o)
                0x0000000080042f18                png_chunk_warning
 .text.png_error
                0x0000000080042f68      0x1d8 /opt/devkitpro/libogc/lib/wii/libpng.a(pngerror.o)
                0x0000000080042f68                png_error
 .text.png_chunk_error
                0x0000000080043140       0x50 /opt/devkitpro/libogc/lib/wii/libpng.a(pngerror.o)
                0x0000000080043140                png_chunk_error
 .text.png_get_valid
                0x0000000080043190       0x24 /opt/devkitpro/libogc/lib/wii/libpng.a(pngget.o)
                0x0000000080043190                png_get_valid
 .text.png_set_mem_fn
                0x00000000800431b4       0x18 /opt/devkitpro/libogc/lib/wii/libpng.a(pngmem.o)
                0x00000000800431b4                png_set_mem_fn
 .text.png_memset_check
                0x00000000800431cc       0x2c /opt/devkitpro/libogc/lib/wii/libpng.a(pngmem.o)
                0x00000000800431cc                png_memset_check
 .text.png_memcpy_check
                0x00000000800431f8       0x2c /opt/devkitpro/libogc/lib/wii/libpng.a(pngmem.o)
                0x00000000800431f8                png_memcpy_check
 .text.png_free_default
                0x0000000080043224       0x34 /opt/devkitpro/libogc/lib/wii/libpng.a(pngmem.o)
                0x0000000080043224                png_free_default
 .text.png_free
                0x0000000080043258       0x50 /opt/devkitpro/libogc/lib/wii/libpng.a(pngmem.o)
                0x0000000080043258                png_free
 .text.png_destroy_struct_2
                0x00000000800432a8       0x58 /opt/devkitpro/libogc/lib/wii/libpng.a(pngmem.o)
                0x00000000800432a8                png_destroy_struct_2
 .text.png_destroy_struct
                0x0000000080043300        0xc /opt/devkitpro/libogc/lib/wii/libpng.a(pngmem.o)
                0x0000000080043300                png_destroy_struct
 .text.png_malloc_default
                0x000000008004330c       0x48 /opt/devkitpro/libogc/lib/wii/libpng.a(pngmem.o)
                0x000000008004330c                png_malloc_default
 .text.png_malloc
                0x0000000080043354       0x90 /opt/devkitpro/libogc/lib/wii/libpng.a(pngmem.o)
                0x0000000080043354                png_malloc
 .text.png_malloc_warn
                0x00000000800433e4       0x54 /opt/devkitpro/libogc/lib/wii/libpng.a(pngmem.o)
                0x00000000800433e4                png_malloc_warn
 .text.png_create_struct_2
                0x0000000080043438       0x98 /opt/devkitpro/libogc/lib/wii/libpng.a(pngmem.o)
                0x0000000080043438                png_create_struct_2
 .text.png_create_struct
                0x00000000800434d0        0xc /opt/devkitpro/libogc/lib/wii/libpng.a(pngmem.o)
                0x00000000800434d0                png_create_struct
 .text.png_read_destroy
                0x00000000800434dc      0x2d8 /opt/devkitpro/libogc/lib/wii/libpng.a(pngread.o)
                0x00000000800434dc                png_read_destroy
 .text.png_destroy_read_struct
                0x00000000800437b4      0x130 /opt/devkitpro/libogc/lib/wii/libpng.a(pngread.o)
                0x00000000800437b4                png_destroy_read_struct
 .text.png_read_row
                0x00000000800438e4      0x548 /opt/devkitpro/libogc/lib/wii/libpng.a(pngread.o)
                0x00000000800438e4                png_read_row
 .text.png_read_image
                0x0000000080043e2c       0xc4 /opt/devkitpro/libogc/lib/wii/libpng.a(pngread.o)
                0x0000000080043e2c                png_read_image
 .text.png_read_update_info
                0x0000000080043ef0       0x64 /opt/devkitpro/libogc/lib/wii/libpng.a(pngread.o)
                0x0000000080043ef0                png_read_update_info
 .text.png_read_info
                0x0000000080043f54      0x6a4 /opt/devkitpro/libogc/lib/wii/libpng.a(pngread.o)
                0x0000000080043f54                png_read_info
 .text.png_create_read_struct_2
                0x00000000800445f8      0x334 /opt/devkitpro/libogc/lib/wii/libpng.a(pngread.o)
                0x00000000800445f8                png_create_read_struct_2
 .text.png_create_read_struct
                0x000000008004492c       0x10 /opt/devkitpro/libogc/lib/wii/libpng.a(pngread.o)
                0x000000008004492c                png_create_read_struct
 .text.png_set_read_fn
                0x000000008004493c       0x88 /opt/devkitpro/libogc/lib/wii/libpng.a(pngrio.o)
                0x000000008004493c                png_set_read_fn
 .text.png_default_read_data
                0x00000000800449c4       0x60 /opt/devkitpro/libogc/lib/wii/libpng.a(pngrio.o)
                0x00000000800449c4                png_default_read_data
 .text.png_read_data
                0x0000000080044a24       0x4c /opt/devkitpro/libogc/lib/wii/libpng.a(pngrio.o)
                0x0000000080044a24                png_read_data
 .text.png_set_palette_to_rgb
                0x0000000080044a70       0x28 /opt/devkitpro/libogc/lib/wii/libpng.a(pngrtran.o)
                0x0000000080044a70                png_set_palette_to_rgb
 .text.png_set_tRNS_to_alpha
                0x0000000080044a98       0x20 /opt/devkitpro/libogc/lib/wii/libpng.a(pngrtran.o)
                0x0000000080044a98                png_set_tRNS_to_alpha
 .text.png_read_transform_info
                0x0000000080044ab8      0x2dc /opt/devkitpro/libogc/lib/wii/libpng.a(pngrtran.o)
                0x0000000080044ab8                png_read_transform_info
 .text.png_do_unpack
                0x0000000080044d94      0x170 /opt/devkitpro/libogc/lib/wii/libpng.a(pngrtran.o)
                0x0000000080044d94                png_do_unpack
 .text.png_do_unshift
                0x0000000080044f04      0x218 /opt/devkitpro/libogc/lib/wii/libpng.a(pngrtran.o)
                0x0000000080044f04                png_do_unshift
 .text.png_do_chop
                0x000000008004511c       0x98 /opt/devkitpro/libogc/lib/wii/libpng.a(pngrtran.o)
                0x000000008004511c                png_do_chop
 .text.png_do_read_swap_alpha
                0x00000000800451b4      0x130 /opt/devkitpro/libogc/lib/wii/libpng.a(pngrtran.o)
                0x00000000800451b4                png_do_read_swap_alpha
 .text.png_do_read_invert_alpha
                0x00000000800452e4       0xf8 /opt/devkitpro/libogc/lib/wii/libpng.a(pngrtran.o)
                0x00000000800452e4                png_do_read_invert_alpha
 .text.png_do_read_filler
                0x00000000800453dc      0x330 /opt/devkitpro/libogc/lib/wii/libpng.a(pngrtran.o)
                0x00000000800453dc                png_do_read_filler
 .text.png_do_gray_to_rgb
                0x000000008004570c      0x1f0 /opt/devkitpro/libogc/lib/wii/libpng.a(pngrtran.o)
                0x000000008004570c                png_do_gray_to_rgb
 .text.png_do_rgb_to_gray
                0x00000000800458fc      0x6b0 /opt/devkitpro/libogc/lib/wii/libpng.a(pngrtran.o)
                0x00000000800458fc                png_do_rgb_to_gray
 .text.png_do_gamma
                0x0000000080045fac      0x490 /opt/devkitpro/libogc/lib/wii/libpng.a(pngrtran.o)
                0x0000000080045fac                png_do_gamma
 .text.png_do_expand_palette
                0x000000008004643c      0x2c8 /opt/devkitpro/libogc/lib/wii/libpng.a(pngrtran.o)
                0x000000008004643c                png_do_expand_palette
 .text.png_do_expand
                0x0000000080046704      0x54c /opt/devkitpro/libogc/lib/wii/libpng.a(pngrtran.o)
                0x0000000080046704                png_do_expand
 .text.png_do_dither
                0x0000000080046c50      0x150 /opt/devkitpro/libogc/lib/wii/libpng.a(pngrtran.o)
                0x0000000080046c50                png_do_dither
 .text.png_do_read_intrapixel
                0x0000000080046da0       0xf8 /opt/devkitpro/libogc/lib/wii/libpng.a(pngrtran.o)
                0x0000000080046da0                png_do_read_intrapixel
 .text.png_build_gamma_table
                0x0000000080046e98      0x928 /opt/devkitpro/libogc/lib/wii/libpng.a(pngrtran.o)
                0x0000000080046e98                png_build_gamma_table
 .text.png_init_read_transformations
                0x00000000800477c0      0xc64 /opt/devkitpro/libogc/lib/wii/libpng.a(pngrtran.o)
                0x00000000800477c0                png_init_read_transformations
 .text.png_do_background
                0x0000000080048424     0x11cc /opt/devkitpro/libogc/lib/wii/libpng.a(pngrtran.o)
                0x0000000080048424                png_do_background
 .text.png_do_read_transformations
                0x00000000800495f0      0x518 /opt/devkitpro/libogc/lib/wii/libpng.a(pngrtran.o)
                0x00000000800495f0                png_do_read_transformations
 .text.png_get_uint_32
                0x0000000080049b08       0x2c /opt/devkitpro/libogc/lib/wii/libpng.a(pngrutil.o)
                0x0000000080049b08                png_get_uint_32
 .text.png_get_int_32
                0x0000000080049b34       0x2c /opt/devkitpro/libogc/lib/wii/libpng.a(pngrutil.o)
                0x0000000080049b34                png_get_int_32
 .text.png_get_uint_16
                0x0000000080049b60       0x1c /opt/devkitpro/libogc/lib/wii/libpng.a(pngrutil.o)
                0x0000000080049b60                png_get_uint_16
 .text.png_get_uint_31
                0x0000000080049b7c       0x70 /opt/devkitpro/libogc/lib/wii/libpng.a(pngrutil.o)
                0x0000000080049b7c                png_get_uint_31
 .text.png_read_start_row
                0x0000000080049bec      0x3b0 /opt/devkitpro/libogc/lib/wii/libpng.a(pngrutil.o)
                0x0000000080049bec                png_read_start_row
 .text.png_crc_error
                0x0000000080049f9c       0xb4 /opt/devkitpro/libogc/lib/wii/libpng.a(pngrutil.o)
                0x0000000080049f9c                png_crc_error
 .text.png_read_filter_row
                0x000000008004a050      0x2d0 /opt/devkitpro/libogc/lib/wii/libpng.a(pngrutil.o)
                0x000000008004a050                png_read_filter_row
 .text.png_do_read_interlace
                0x000000008004a320      0x48c /opt/devkitpro/libogc/lib/wii/libpng.a(pngrutil.o)
                0x000000008004a320                png_do_read_interlace
 .text.png_combine_row
                0x000000008004a7ac      0x414 /opt/devkitpro/libogc/lib/wii/libpng.a(pngrutil.o)
                0x000000008004a7ac                png_combine_row
 .text.png_check_chunk_name
                0x000000008004abc0       0xbc /opt/devkitpro/libogc/lib/wii/libpng.a(pngrutil.o)
                0x000000008004abc0                png_check_chunk_name
 .text.png_decompress_chunk
                0x000000008004ac7c      0x480 /opt/devkitpro/libogc/lib/wii/libpng.a(pngrutil.o)
                0x000000008004ac7c                png_decompress_chunk
 .text.png_crc_read
                0x000000008004b0fc       0x58 /opt/devkitpro/libogc/lib/wii/libpng.a(pngrutil.o)
                0x000000008004b0fc                png_crc_read
 .text.png_crc_finish
                0x000000008004b154      0x120 /opt/devkitpro/libogc/lib/wii/libpng.a(pngrutil.o)
                0x000000008004b154                png_crc_finish
 .text.png_read_finish_row
                0x000000008004b274      0x3b8 /opt/devkitpro/libogc/lib/wii/libpng.a(pngrutil.o)
                0x000000008004b274                png_read_finish_row
 .text.png_handle_unknown
                0x000000008004b62c      0x1f0 /opt/devkitpro/libogc/lib/wii/libpng.a(pngrutil.o)
                0x000000008004b62c                png_handle_unknown
 .text.png_handle_zTXt
                0x000000008004b81c      0x278 /opt/devkitpro/libogc/lib/wii/libpng.a(pngrutil.o)
                0x000000008004b81c                png_handle_zTXt
 .text.png_handle_tEXt
                0x000000008004ba94      0x1d4 /opt/devkitpro/libogc/lib/wii/libpng.a(pngrutil.o)
                0x000000008004ba94                png_handle_tEXt
 .text.png_handle_tIME
                0x000000008004bc68      0x174 /opt/devkitpro/libogc/lib/wii/libpng.a(pngrutil.o)
                0x000000008004bc68                png_handle_tIME
 .text.png_handle_sCAL
                0x000000008004bddc      0x2d8 /opt/devkitpro/libogc/lib/wii/libpng.a(pngrutil.o)
                0x000000008004bddc                png_handle_sCAL
 .text.png_handle_pCAL
                0x000000008004c0b4      0x3b8 /opt/devkitpro/libogc/lib/wii/libpng.a(pngrutil.o)
                0x000000008004c0b4                png_handle_pCAL
 .text.png_handle_oFFs
                0x000000008004c46c      0x160 /opt/devkitpro/libogc/lib/wii/libpng.a(pngrutil.o)
                0x000000008004c46c                png_handle_oFFs
 .text.png_handle_pHYs
                0x000000008004c5cc      0x160 /opt/devkitpro/libogc/lib/wii/libpng.a(pngrutil.o)
                0x000000008004c5cc                png_handle_pHYs
 .text.png_handle_hIST
                0x000000008004c72c      0x1d0 /opt/devkitpro/libogc/lib/wii/libpng.a(pngrutil.o)
                0x000000008004c72c                png_handle_hIST
 .text.png_handle_bKGD
                0x000000008004c8fc      0x254 /opt/devkitpro/libogc/lib/wii/libpng.a(pngrutil.o)
                0x000000008004c8fc                png_handle_bKGD
 .text.png_handle_tRNS
                0x000000008004cb50      0x268 /opt/devkitpro/libogc/lib/wii/libpng.a(pngrutil.o)
                0x000000008004cb50                png_handle_tRNS
 .text.png_handle_sPLT
                0x000000008004cdb8      0x474 /opt/devkitpro/libogc/lib/wii/libpng.a(pngrutil.o)
                0x000000008004cdb8                png_handle_sPLT
 .text.png_handle_iCCP
                0x000000008004d22c      0x2e4 /opt/devkitpro/libogc/lib/wii/libpng.a(pngrutil.o)
                0x000000008004d22c                png_handle_iCCP
 .text.png_handle_sRGB
                0x000000008004d510      0x258 /opt/devkitpro/libogc/lib/wii/libpng.a(pngrutil.o)
                0x000000008004d510                png_handle_sRGB
 .text.png_handle_cHRM
                0x000000008004d768      0x540 /opt/devkitpro/libogc/lib/wii/libpng.a(pngrutil.o)
                0x000000008004d768                png_handle_cHRM
 .text.png_handle_sBIT
                0x000000008004dca8      0x1a8 /opt/devkitpro/libogc/lib/wii/libpng.a(pngrutil.o)
                0x000000008004dca8                png_handle_sBIT
 .text.png_handle_gAMA
                0x000000008004de50      0x204 /opt/devkitpro/libogc/lib/wii/libpng.a(pngrutil.o)
                0x000000008004de50                png_handle_gAMA
 .text.png_handle_IEND
                0x000000008004e054       0x7c /opt/devkitpro/libogc/lib/wii/libpng.a(pngrutil.o)
                0x000000008004e054                png_handle_IEND
 .text.png_handle_PLTE
                0x000000008004e0d0      0x264 /opt/devkitpro/libogc/lib/wii/libpng.a(pngrutil.o)
                0x000000008004e0d0                png_handle_PLTE
 .text.png_handle_IHDR
                0x000000008004e334      0x1d8 /opt/devkitpro/libogc/lib/wii/libpng.a(pngrutil.o)
                0x000000008004e334                png_handle_IHDR
 .text.png_set_oFFs
                0x000000008004e50c       0x2c /opt/devkitpro/libogc/lib/wii/libpng.a(pngset.o)
                0x000000008004e50c                png_set_oFFs
 .text.png_set_sCAL
                0x000000008004e538       0x2c /opt/devkitpro/libogc/lib/wii/libpng.a(pngset.o)
                0x000000008004e538                png_set_sCAL
 .text.png_set_pHYs
                0x000000008004e564       0x2c /opt/devkitpro/libogc/lib/wii/libpng.a(pngset.o)
                0x000000008004e564                png_set_pHYs
 .text.png_set_sRGB
                0x000000008004e590       0x24 /opt/devkitpro/libogc/lib/wii/libpng.a(pngset.o)
                0x000000008004e590                png_set_sRGB
 .text.png_set_tIME
                0x000000008004e5b4       0x3c /opt/devkitpro/libogc/lib/wii/libpng.a(pngset.o)
                0x000000008004e5b4                png_set_tIME
 .text.png_set_sBIT
                0x000000008004e5f0       0x30 /opt/devkitpro/libogc/lib/wii/libpng.a(pngset.o)
                0x000000008004e5f0                png_set_sBIT
 .text.png_set_bKGD
                0x000000008004e620       0x3c /opt/devkitpro/libogc/lib/wii/libpng.a(pngset.o)
                0x000000008004e620                png_set_bKGD
 .text.png_set_unknown_chunks
                0x000000008004e65c      0x1f0 /opt/devkitpro/libogc/lib/wii/libpng.a(pngset.o)
                0x000000008004e65c                png_set_unknown_chunks
 .text.png_set_tRNS
                0x000000008004e84c      0x178 /opt/devkitpro/libogc/lib/wii/libpng.a(pngset.o)
                0x000000008004e84c                png_set_tRNS
 .text.png_set_hIST
                0x000000008004e9c4      0x114 /opt/devkitpro/libogc/lib/wii/libpng.a(pngset.o)
                0x000000008004e9c4                png_set_hIST
 .text.png_set_gAMA_fixed
                0x000000008004ead8       0xcc /opt/devkitpro/libogc/lib/wii/libpng.a(pngset.o)
                0x000000008004ead8                png_set_gAMA_fixed
 .text.png_set_gAMA
                0x000000008004eba4       0xf0 /opt/devkitpro/libogc/lib/wii/libpng.a(pngset.o)
                0x000000008004eba4                png_set_gAMA
 .text.png_set_cHRM_fixed
                0x000000008004ec94      0x230 /opt/devkitpro/libogc/lib/wii/libpng.a(pngset.o)
                0x000000008004ec94                png_set_cHRM_fixed
 .text.png_set_cHRM
                0x000000008004eec4      0x2a8 /opt/devkitpro/libogc/lib/wii/libpng.a(pngset.o)
                0x000000008004eec4                png_set_cHRM
 .text.png_set_sRGB_gAMA_and_cHRM
                0x000000008004f16c      0x110 /opt/devkitpro/libogc/lib/wii/libpng.a(pngset.o)
                0x000000008004f16c                png_set_sRGB_gAMA_and_cHRM
 .text.png_set_sPLT
                0x000000008004f27c      0x238 /opt/devkitpro/libogc/lib/wii/libpng.a(pngset.o)
                0x000000008004f27c                png_set_sPLT
 .text.png_set_text_2
                0x000000008004f4b4      0x288 /opt/devkitpro/libogc/lib/wii/libpng.a(pngset.o)
                0x000000008004f4b4                png_set_text_2
 .text.png_set_iCCP
                0x000000008004f73c      0x178 /opt/devkitpro/libogc/lib/wii/libpng.a(pngset.o)
                0x000000008004f73c                png_set_iCCP
 .text.png_set_pCAL
                0x000000008004f8b4      0x29c /opt/devkitpro/libogc/lib/wii/libpng.a(pngset.o)
                0x000000008004f8b4                png_set_pCAL
 .text.png_set_IHDR
                0x000000008004fb50      0x3c0 /opt/devkitpro/libogc/lib/wii/libpng.a(pngset.o)
                0x000000008004fb50                png_set_IHDR
 .text.png_set_PLTE
                0x000000008004ff10      0x110 /opt/devkitpro/libogc/lib/wii/libpng.a(pngset.o)
                0x000000008004ff10                png_set_PLTE
 .text.png_set_interlace_handling
                0x0000000080050020       0x38 /opt/devkitpro/libogc/lib/wii/libpng.a(pngtrans.o)
                0x0000000080050020                png_set_interlace_handling
 .text.png_set_swap_alpha
                0x0000000080050058       0x18 /opt/devkitpro/libogc/lib/wii/libpng.a(pngtrans.o)
                0x0000000080050058                png_set_swap_alpha
 .text.png_do_invert
                0x0000000080050070       0xc0 /opt/devkitpro/libogc/lib/wii/libpng.a(pngtrans.o)
                0x0000000080050070                png_do_invert
 .text.png_do_swap
                0x0000000080050130       0x3c /opt/devkitpro/libogc/lib/wii/libpng.a(pngtrans.o)
                0x0000000080050130                png_do_swap
 .text.png_do_packswap
                0x000000008005016c       0x8c /opt/devkitpro/libogc/lib/wii/libpng.a(pngtrans.o)
                0x000000008005016c                png_do_packswap
 .text.png_do_strip_filler
                0x00000000800501f8      0x31c /opt/devkitpro/libogc/lib/wii/libpng.a(pngtrans.o)
                0x00000000800501f8                png_do_strip_filler
 .text.png_do_bgr
                0x0000000080050514      0x104 /opt/devkitpro/libogc/lib/wii/libpng.a(pngtrans.o)
                0x0000000080050514                png_do_bgr
 .text.crc32    0x0000000080050618      0x76c /opt/devkitpro/libogc/lib/wii/libz.a(crc32.o)
                0x0000000080050618                crc32
 .text.zcfree   0x0000000080050d84       0x24 /opt/devkitpro/libogc/lib/wii/libz.a(zutil.o)
                0x0000000080050d84                zcfree
 .text.zcalloc  0x0000000080050da8       0x24 /opt/devkitpro/libogc/lib/wii/libz.a(zutil.o)
                0x0000000080050da8                zcalloc
 .text.inflateReset
                0x0000000080050dcc       0x80 /opt/devkitpro/libogc/lib/wii/libz.a(inflate.o)
                0x0000000080050dcc                inflateReset
 .text.inflateInit2_
                0x0000000080050e4c      0x148 /opt/devkitpro/libogc/lib/wii/libz.a(inflate.o)
                0x0000000080050e4c                inflateInit2_
 .text.inflateInit_
                0x0000000080050f94       0x10 /opt/devkitpro/libogc/lib/wii/libz.a(inflate.o)
                0x0000000080050f94                inflateInit_
 .text.inflateEnd
                0x0000000080050fa4       0x88 /opt/devkitpro/libogc/lib/wii/libz.a(inflate.o)
                0x0000000080050fa4                inflateEnd
 .text.updatewindow
                0x000000008005102c      0x1f0 /opt/devkitpro/libogc/lib/wii/libz.a(inflate.o)
 .text.inflate  0x000000008005121c     0x1bc8 /opt/devkitpro/libogc/lib/wii/libz.a(inflate.o)
                0x000000008005121c                inflate
 .text.inflate_table
                0x0000000080052de4      0x620 /opt/devkitpro/libogc/lib/wii/libz.a(inftrees.o)
                0x0000000080052de4                inflate_table
 .text.inflate_fast
                0x0000000080053404      0x628 /opt/devkitpro/libogc/lib/wii/libz.a(inffast.o)
                0x0000000080053404                inflate_fast
 .text.adler32  0x0000000080053a2c      0x4b8 /opt/devkitpro/libogc/lib/wii/libz.a(adler32.o)
                0x0000000080053a2c                adler32
 .text.__wpad_assign_slot
                0x0000000080053ee4      0x394 /opt/devkitpro/libogc/lib/wii/libwiiuse.a(wpad.o)
                0x0000000080053ee4                __wpad_assign_slot
 .text.__wpad_def_powcb
                0x0000000080054278        0x4 /opt/devkitpro/libogc/lib/wii/libwiiuse.a(wpad.o)
 .text.__readlinkkey_finished
                0x000000008005427c       0x34 /opt/devkitpro/libogc/lib/wii/libwiiuse.a(wpad.o)
 .text.__wpad_patch_finished
                0x00000000800542b0       0x2c /opt/devkitpro/libogc/lib/wii/libwiiuse.a(wpad.o)
 .text.__wpad_setfmt
                0x00000000800542dc      0x158 /opt/devkitpro/libogc/lib/wii/libwiiuse.a(wpad.o)
 .text.__wpad_eventCB
                0x0000000080054434      0xc10 /opt/devkitpro/libogc/lib/wii/libwiiuse.a(wpad.o)
 .text.__wpad_disconnectCB
                0x0000000080055044      0x47c /opt/devkitpro/libogc/lib/wii/libwiiuse.a(wpad.o)
                0x0000000080055044                __wpad_disconnectCB
 .text.__wpad_timeouthandler
                0x00000000800554c0      0x1d0 /opt/devkitpro/libogc/lib/wii/libwiiuse.a(wpad.o)
 .text.__initcore_finished
                0x0000000080055690       0x48 /opt/devkitpro/libogc/lib/wii/libwiiuse.a(wpad.o)
 .text.__wpad_init_finished
                0x00000000800556d8      0x18c /opt/devkitpro/libogc/lib/wii/libwiiuse.a(wpad.o)
 .text.WPAD_ReadEvent
                0x0000000080055864      0x694 /opt/devkitpro/libogc/lib/wii/libwiiuse.a(wpad.o)
                0x0000000080055864                WPAD_ReadEvent
 .text.WPAD_ReadPending
                0x0000000080055ef8      0x1c4 /opt/devkitpro/libogc/lib/wii/libwiiuse.a(wpad.o)
                0x0000000080055ef8                WPAD_ReadPending
 .text.WPAD_SetDataFormat
                0x00000000800560bc      0x1a8 /opt/devkitpro/libogc/lib/wii/libwiiuse.a(wpad.o)
                0x00000000800560bc                WPAD_SetDataFormat
 .text.WPAD_SetVRes
                0x0000000080056264      0x158 /opt/devkitpro/libogc/lib/wii/libwiiuse.a(wpad.o)
                0x0000000080056264                WPAD_SetVRes
 .text.WPAD_Probe
                0x00000000800563bc       0xd0 /opt/devkitpro/libogc/lib/wii/libwiiuse.a(wpad.o)
                0x00000000800563bc                WPAD_Probe
 .text.WPAD_SetPowerButtonCallback
                0x000000008005648c       0x68 /opt/devkitpro/libogc/lib/wii/libwiiuse.a(wpad.o)
                0x000000008005648c                WPAD_SetPowerButtonCallback
 .text.WPAD_Shutdown
                0x00000000800564f4      0x108 /opt/devkitpro/libogc/lib/wii/libwiiuse.a(wpad.o)
                0x00000000800564f4                WPAD_Shutdown
 .text.WPAD_Init
                0x00000000800565fc      0x2c4 /opt/devkitpro/libogc/lib/wii/libwiiuse.a(wpad.o)
                0x00000000800565fc                WPAD_Init
 .text.__wpad_onreset
                0x00000000800568c0       0x34 /opt/devkitpro/libogc/lib/wii/libwiiuse.a(wpad.o)
 .text.WPAD_ScanPads
                0x00000000800568f4       0x94 /opt/devkitpro/libogc/lib/wii/libwiiuse.a(wpad.o)
                0x00000000800568f4                WPAD_ScanPads
 .text.WPAD_ButtonsUp
                0x0000000080056988       0x28 /opt/devkitpro/libogc/lib/wii/libwiiuse.a(wpad.o)
                0x0000000080056988                WPAD_ButtonsUp
 .text.WPAD_ButtonsDown
                0x00000000800569b0       0x28 /opt/devkitpro/libogc/lib/wii/libwiiuse.a(wpad.o)
                0x00000000800569b0                WPAD_ButtonsDown
 .text.WPAD_ButtonsHeld
                0x00000000800569d8       0x28 /opt/devkitpro/libogc/lib/wii/libwiiuse.a(wpad.o)
                0x00000000800569d8                WPAD_ButtonsHeld
 .text.WPAD_IR  0x0000000080056a00       0x50 /opt/devkitpro/libogc/lib/wii/libwiiuse.a(wpad.o)
                0x0000000080056a00                WPAD_IR
 .text.WPAD_Orientation
                0x0000000080056a50       0x50 /opt/devkitpro/libogc/lib/wii/libwiiuse.a(wpad.o)
                0x0000000080056a50                WPAD_Orientation
 .text.WPAD_GForce
                0x0000000080056aa0       0x3c /opt/devkitpro/libogc/lib/wii/libwiiuse.a(wpad.o)
                0x0000000080056aa0                WPAD_GForce
 .text.WPAD_Expansion
                0x0000000080056adc       0x50 /opt/devkitpro/libogc/lib/wii/libwiiuse.a(wpad.o)
                0x0000000080056adc                WPAD_Expansion
 .text.motion_plus_disconnected
                0x0000000080056b2c       0x10 /opt/devkitpro/libogc/lib/wii/libwiiuse.a(motion_plus.o)
                0x0000000080056b2c                motion_plus_disconnected
 .text.motion_plus_event
                0x0000000080056b3c       0x64 /opt/devkitpro/libogc/lib/wii/libwiiuse.a(motion_plus.o)
                0x0000000080056b3c                motion_plus_event
 .text.calculate_gforce
                0x0000000080056ba0      0x114 /opt/devkitpro/libogc/lib/wii/libwiiuse.a(dynamics.o)
                0x0000000080056ba0                calculate_gforce
 .text.calc_joystick_state
                0x0000000080056cb4      0x210 /opt/devkitpro/libogc/lib/wii/libwiiuse.a(dynamics.o)
                0x0000000080056cb4                calc_joystick_state
 .text.apply_smoothing
                0x0000000080056ec4      0x120 /opt/devkitpro/libogc/lib/wii/libwiiuse.a(dynamics.o)
                0x0000000080056ec4                apply_smoothing
 .text.calculate_orientation
                0x0000000080056fe4      0x328 /opt/devkitpro/libogc/lib/wii/libwiiuse.a(dynamics.o)
                0x0000000080056fe4                calculate_orientation
 .text.calc_balanceboard_state
                0x000000008005730c      0x3a4 /opt/devkitpro/libogc/lib/wii/libwiiuse.a(dynamics.o)
                0x000000008005730c                calc_balanceboard_state
 .text.wiiuse_handshake
                0x00000000800576b0      0x26c /opt/devkitpro/libogc/lib/wii/libwiiuse.a(io.o)
                0x00000000800576b0                wiiuse_handshake
 .text.wiiuse_handshake_expansion
                0x000000008005791c      0x1fc /opt/devkitpro/libogc/lib/wii/libwiiuse.a(io.o)
                0x000000008005791c                wiiuse_handshake_expansion
 .text.wiiuse_handshake_expansion_start
                0x0000000080057b18       0x5c /opt/devkitpro/libogc/lib/wii/libwiiuse.a(io.o)
                0x0000000080057b18                wiiuse_handshake_expansion_start
 .text.wiiuse_disable_expansion
                0x0000000080057b74      0x1b0 /opt/devkitpro/libogc/lib/wii/libwiiuse.a(io.o)
                0x0000000080057b74                wiiuse_disable_expansion
 .text.__wiiuse_connected
                0x0000000080057d24       0x9c /opt/devkitpro/libogc/lib/wii/libwiiuse.a(io_wii.o)
 .text.__wiiuse_disconnected
                0x0000000080057dc0       0xb4 /opt/devkitpro/libogc/lib/wii/libwiiuse.a(io_wii.o)
 .text.__wiiuse_receive
                0x0000000080057e74       0xd0 /opt/devkitpro/libogc/lib/wii/libwiiuse.a(io_wii.o)
 .text.__wiiuse_sensorbar_enable
                0x0000000080057f44       0x54 /opt/devkitpro/libogc/lib/wii/libwiiuse.a(io_wii.o)
                0x0000000080057f44                __wiiuse_sensorbar_enable
 .text.wiiuse_register
                0x0000000080057f98       0xf0 /opt/devkitpro/libogc/lib/wii/libwiiuse.a(io_wii.o)
                0x0000000080057f98                wiiuse_register
 .text.wiiuse_disconnect
                0x0000000080058088       0x24 /opt/devkitpro/libogc/lib/wii/libwiiuse.a(io_wii.o)
                0x0000000080058088                wiiuse_disconnect
 .text.wiiuse_init_cmd_queue
                0x00000000800580ac       0x9c /opt/devkitpro/libogc/lib/wii/libwiiuse.a(io_wii.o)
                0x00000000800580ac                wiiuse_init_cmd_queue
 .text.wiiuse_io_write
                0x0000000080058148       0x1c /opt/devkitpro/libogc/lib/wii/libwiiuse.a(io_wii.o)
                0x0000000080058148                wiiuse_io_write
 .text.rotate_dots
                0x0000000080058164      0x13c /opt/devkitpro/libogc/lib/wii/libwiiuse.a(ir.o)
 .text.get_ir_sens.constprop.0.isra.0
                0x00000000800582a0       0xe4 /opt/devkitpro/libogc/lib/wii/libwiiuse.a(ir.o)
 .text.wiiuse_set_ir_mode
                0x0000000080058384       0x88 /opt/devkitpro/libogc/lib/wii/libwiiuse.a(ir.o)
                0x0000000080058384                wiiuse_set_ir_mode
 .text.wiiuse_set_ir
                0x000000008005840c      0x1f8 /opt/devkitpro/libogc/lib/wii/libwiiuse.a(ir.o)
                0x000000008005840c                wiiuse_set_ir
 .text.wiiuse_set_ir_vres
                0x0000000080058604       0x1c /opt/devkitpro/libogc/lib/wii/libwiiuse.a(ir.o)
                0x0000000080058604                wiiuse_set_ir_vres
 .text.wiiuse_set_ir_position
                0x0000000080058620       0x80 /opt/devkitpro/libogc/lib/wii/libwiiuse.a(ir.o)
                0x0000000080058620                wiiuse_set_ir_position
 .text.wiiuse_set_aspect_ratio
                0x00000000800586a0       0xac /opt/devkitpro/libogc/lib/wii/libwiiuse.a(ir.o)
                0x00000000800586a0                wiiuse_set_aspect_ratio
 .text.wiiuse_set_ir_sensitivity
                0x000000008005874c      0x108 /opt/devkitpro/libogc/lib/wii/libwiiuse.a(ir.o)
                0x000000008005874c                wiiuse_set_ir_sensitivity
 .text.calculate_basic_ir
                0x0000000080058854      0x150 /opt/devkitpro/libogc/lib/wii/libwiiuse.a(ir.o)
                0x0000000080058854                calculate_basic_ir
 .text.calculate_extended_ir
                0x00000000800589a4      0x124 /opt/devkitpro/libogc/lib/wii/libwiiuse.a(ir.o)
                0x00000000800589a4                calculate_extended_ir
 .text.find_sensorbar
                0x0000000080058ac8      0xdb4 /opt/devkitpro/libogc/lib/wii/libwiiuse.a(ir.o)
                0x0000000080058ac8                find_sensorbar
 .text.apply_ir_smoothing
                0x000000008005987c      0x104 /opt/devkitpro/libogc/lib/wii/libwiiuse.a(ir.o)
                0x000000008005987c                apply_ir_smoothing
 .text.interpret_ir_data
                0x0000000080059980      0x3e0 /opt/devkitpro/libogc/lib/wii/libwiiuse.a(ir.o)
                0x0000000080059980                interpret_ir_data
 .text.nunchuk_handshake
                0x0000000080059d60      0x2d0 /opt/devkitpro/libogc/lib/wii/libwiiuse.a(nunchuk.o)
                0x0000000080059d60                nunchuk_handshake
 .text.nunchuk_disconnected
                0x000000008005a030        0xc /opt/devkitpro/libogc/lib/wii/libwiiuse.a(nunchuk.o)
                0x000000008005a030                nunchuk_disconnected
 .text.nunchuk_event
                0x000000008005a03c       0xe0 /opt/devkitpro/libogc/lib/wii/libwiiuse.a(nunchuk.o)
                0x000000008005a03c                nunchuk_event
 .text.wii_board_handshake
                0x000000008005a11c      0x284 /opt/devkitpro/libogc/lib/wii/libwiiuse.a(wiiboard.o)
                0x000000008005a11c                wii_board_handshake
 .text.wii_board_disconnected
                0x000000008005a3a0        0xc /opt/devkitpro/libogc/lib/wii/libwiiuse.a(wiiboard.o)
                0x000000008005a3a0                wii_board_disconnected
 .text.wii_board_event
                0x000000008005a3ac       0x24 /opt/devkitpro/libogc/lib/wii/libwiiuse.a(wiiboard.o)
                0x000000008005a3ac                wii_board_event
 .text.wiiuse_send_next_command
                0x000000008005a3d0       0x58 /opt/devkitpro/libogc/lib/wii/libwiiuse.a(wiiuse.o)
                0x000000008005a3d0                wiiuse_send_next_command
 .text.wiiuse_init
                0x000000008005a428      0x210 /opt/devkitpro/libogc/lib/wii/libwiiuse.a(wiiuse.o)
                0x000000008005a428                wiiuse_init
 .text.wiiuse_set_flags
                0x000000008005a638       0x28 /opt/devkitpro/libogc/lib/wii/libwiiuse.a(wiiuse.o)
                0x000000008005a638                wiiuse_set_flags
 .text.wiiuse_read_data
                0x000000008005a660      0x128 /opt/devkitpro/libogc/lib/wii/libwiiuse.a(wiiuse.o)
                0x000000008005a660                wiiuse_read_data
 .text.wiiuse_write_data
                0x000000008005a788      0x164 /opt/devkitpro/libogc/lib/wii/libwiiuse.a(wiiuse.o)
                0x000000008005a788                wiiuse_write_data
 .text.wiiuse_sendcmd
                0x000000008005a8ec      0x170 /opt/devkitpro/libogc/lib/wii/libwiiuse.a(wiiuse.o)
                0x000000008005a8ec                wiiuse_sendcmd
 .text.wiiuse_set_leds
                0x000000008005aa5c       0x50 /opt/devkitpro/libogc/lib/wii/libwiiuse.a(wiiuse.o)
                0x000000008005aa5c                wiiuse_set_leds
 .text.wiiuse_set_report_type
                0x000000008005aaac      0x13c /opt/devkitpro/libogc/lib/wii/libwiiuse.a(wiiuse.o)
                0x000000008005aaac                wiiuse_set_report_type
 .text.wiiuse_status
                0x000000008005abe8       0x4c /opt/devkitpro/libogc/lib/wii/libwiiuse.a(wiiuse.o)
                0x000000008005abe8                wiiuse_status
 .text.wiiuse_motion_sensing
                0x000000008005ac34       0x84 /opt/devkitpro/libogc/lib/wii/libwiiuse.a(wiiuse.o)
                0x000000008005ac34                wiiuse_motion_sensing
 .text.wiiuse_set_speaker
                0x000000008005acb8      0x240 /opt/devkitpro/libogc/lib/wii/libwiiuse.a(speaker.o)
                0x000000008005acb8                wiiuse_set_speaker
 .text.classic_ctrl_handshake
                0x000000008005aef8      0x2f8 /opt/devkitpro/libogc/lib/wii/libwiiuse.a(classic.o)
                0x000000008005aef8                classic_ctrl_handshake
 .text.classic_ctrl_disconnected
                0x000000008005b1f0        0xc /opt/devkitpro/libogc/lib/wii/libwiiuse.a(classic.o)
                0x000000008005b1f0                classic_ctrl_disconnected
 .text.classic_ctrl_event
                0x000000008005b1fc      0x168 /opt/devkitpro/libogc/lib/wii/libwiiuse.a(classic.o)
                0x000000008005b1fc                classic_ctrl_event
 .text.handle_expansion
                0x000000008005b364       0x54 /opt/devkitpro/libogc/lib/wii/libwiiuse.a(events.o)
 .text.parse_event
                0x000000008005b3b8      0x748 /opt/devkitpro/libogc/lib/wii/libwiiuse.a(events.o)
                0x000000008005b3b8                parse_event
 .text.guitar_hero_3_handshake
                0x000000008005bb00       0x5c /opt/devkitpro/libogc/lib/wii/libwiiuse.a(guitar_hero_3.o)
                0x000000008005bb00                guitar_hero_3_handshake
 .text.guitar_hero_3_disconnected
                0x000000008005bb5c        0xc /opt/devkitpro/libogc/lib/wii/libwiiuse.a(guitar_hero_3.o)
                0x000000008005bb5c                guitar_hero_3_disconnected
 .text.guitar_hero_3_event
                0x000000008005bb68       0x6c /opt/devkitpro/libogc/lib/wii/libwiiuse.a(guitar_hero_3.o)
                0x000000008005bb68                guitar_hero_3_event
 .text.acl_wlp_completed
                0x000000008005bbd4        0x8 /opt/devkitpro/libogc/lib/wii/libbte.a(bte.o)
                0x000000008005bbd4                acl_wlp_completed
 .text.bt_alarmhandler
                0x000000008005bbdc       0x60 /opt/devkitpro/libogc/lib/wii/libbte.a(bte.o)
 .text.__bte_send_pending_request
                0x000000008005bc3c      0x108 /opt/devkitpro/libogc/lib/wii/libbte.a(bte.o)
 .text.acl_conn_complete
                0x000000008005bd44       0x2c /opt/devkitpro/libogc/lib/wii/libbte.a(bte.o)
                0x000000008005bd44                acl_conn_complete
 .text.l2cap_disconnect_cfm
                0x000000008005bd70      0x19c /opt/devkitpro/libogc/lib/wii/libbte.a(bte.o)
                0x000000008005bd70                l2cap_disconnect_cfm
 .text.l2cap_accepted
                0x000000008005bf0c      0x128 /opt/devkitpro/libogc/lib/wii/libbte.a(bte.o)
                0x000000008005bf0c                l2cap_accepted
 .text.bte_process_input
                0x000000008005c034      0x148 /opt/devkitpro/libogc/lib/wii/libbte.a(bte.o)
 .text.l2cap_disconnected_ind
                0x000000008005c17c      0x1a4 /opt/devkitpro/libogc/lib/wii/libbte.a(bte.o)
                0x000000008005c17c                l2cap_disconnected_ind
 .text.__bte_shutdown_finished
                0x000000008005c320       0xd0 /opt/devkitpro/libogc/lib/wii/libbte.a(bte.o)
 .text.bte_hci_apply_patch_complete
                0x000000008005c3f0      0x160 /opt/devkitpro/libogc/lib/wii/libbte.a(bte.o)
                0x000000008005c3f0                bte_hci_apply_patch_complete
 .text.bte_hci_patch_complete
                0x000000008005c550      0x380 /opt/devkitpro/libogc/lib/wii/libbte.a(bte.o)
                0x000000008005c550                bte_hci_patch_complete
 .text.bte_hci_initcore_complete
                0x000000008005c8d0      0x294 /opt/devkitpro/libogc/lib/wii/libbte.a(bte.o)
                0x000000008005c8d0                bte_hci_initcore_complete
 .text.bte_read_stored_link_key_complete
                0x000000008005cb64      0x26c /opt/devkitpro/libogc/lib/wii/libbte.a(bte.o)
                0x000000008005cb64                bte_read_stored_link_key_complete
 .text.bte_hci_initcore_complete2
                0x000000008005cdd0      0x24c /opt/devkitpro/libogc/lib/wii/libbte.a(bte.o)
 .text.bte_hci_initsub_complete
                0x000000008005d01c      0x2c0 /opt/devkitpro/libogc/lib/wii/libbte.a(bte.o)
                0x000000008005d01c                bte_hci_initsub_complete
 .text.BTE_Init
                0x000000008005d2dc      0x138 /opt/devkitpro/libogc/lib/wii/libbte.a(bte.o)
                0x000000008005d2dc                BTE_Init
 .text.BTE_Shutdown
                0x000000008005d414      0x100 /opt/devkitpro/libogc/lib/wii/libbte.a(bte.o)
                0x000000008005d414                BTE_Shutdown
 .text.BTE_InitCore
                0x000000008005d514       0x8c /opt/devkitpro/libogc/lib/wii/libbte.a(bte.o)
                0x000000008005d514                BTE_InitCore
 .text.BTE_ApplyPatch
                0x000000008005d5a0       0xa4 /opt/devkitpro/libogc/lib/wii/libbte.a(bte.o)
                0x000000008005d5a0                BTE_ApplyPatch
 .text.BTE_InitSub
                0x000000008005d644       0x90 /opt/devkitpro/libogc/lib/wii/libbte.a(bte.o)
                0x000000008005d644                BTE_InitSub
 .text.BTE_ReadStoredLinkKey
                0x000000008005d6d4       0x90 /opt/devkitpro/libogc/lib/wii/libbte.a(bte.o)
                0x000000008005d6d4                BTE_ReadStoredLinkKey
 .text.BTE_SetDisconnectCallback
                0x000000008005d764        0x4 /opt/devkitpro/libogc/lib/wii/libbte.a(bte.o)
                0x000000008005d764                BTE_SetDisconnectCallback
 .text.bte_new  0x000000008005d768       0x54 /opt/devkitpro/libogc/lib/wii/libbte.a(bte.o)
                0x000000008005d768                bte_new
 .text.bte_registerdeviceasync
                0x000000008005d7bc      0x158 /opt/devkitpro/libogc/lib/wii/libbte.a(bte.o)
                0x000000008005d7bc                bte_registerdeviceasync
 .text.bte_disconnect
                0x000000008005d914       0xd8 /opt/devkitpro/libogc/lib/wii/libbte.a(bte.o)
                0x000000008005d914                bte_disconnect
 .text.bte_senddata
                0x000000008005d9ec      0x100 /opt/devkitpro/libogc/lib/wii/libbte.a(bte.o)
                0x000000008005d9ec                bte_senddata
 .text.bte_arg  0x000000008005daec       0x38 /opt/devkitpro/libogc/lib/wii/libbte.a(bte.o)
                0x000000008005daec                bte_arg
 .text.bte_received
                0x000000008005db24       0x38 /opt/devkitpro/libogc/lib/wii/libbte.a(bte.o)
                0x000000008005db24                bte_received
 .text.bte_disconnected
                0x000000008005db5c       0x38 /opt/devkitpro/libogc/lib/wii/libbte.a(bte.o)
                0x000000008005db5c                bte_disconnected
 .text.hci_get_link
                0x000000008005db94       0x84 /opt/devkitpro/libogc/lib/wii/libbte.a(hci.o)
 .text.hci_init
                0x000000008005dc18       0x7c /opt/devkitpro/libogc/lib/wii/libbte.a(hci.o)
                0x000000008005dc18                hci_init
 .text.hci_close
                0x000000008005dc94       0xd0 /opt/devkitpro/libogc/lib/wii/libbte.a(hci.o)
                0x000000008005dc94                hci_close
 .text.hci_reset_all
                0x000000008005dd64       0xb8 /opt/devkitpro/libogc/lib/wii/libbte.a(hci.o)
                0x000000008005dd64                hci_reset_all
 .text.hci_arg  0x000000008005de1c        0xc /opt/devkitpro/libogc/lib/wii/libbte.a(hci.o)
                0x000000008005de1c                hci_arg
 .text.hci_cmd_complete
                0x000000008005de28        0xc /opt/devkitpro/libogc/lib/wii/libbte.a(hci.o)
                0x000000008005de28                hci_cmd_complete
 .text.hci_connection_complete
                0x000000008005de34        0xc /opt/devkitpro/libogc/lib/wii/libbte.a(hci.o)
                0x000000008005de34                hci_connection_complete
 .text.hci_wlp_complete
                0x000000008005de40        0xc /opt/devkitpro/libogc/lib/wii/libbte.a(hci.o)
                0x000000008005de40                hci_wlp_complete
 .text.hci_reset
                0x000000008005de4c       0xa8 /opt/devkitpro/libogc/lib/wii/libbte.a(hci.o)
                0x000000008005de4c                hci_reset
 .text.hci_read_buffer_size
                0x000000008005def4       0xa8 /opt/devkitpro/libogc/lib/wii/libbte.a(hci.o)
                0x000000008005def4                hci_read_buffer_size
 .text.hci_read_bd_addr
                0x000000008005df9c       0xa8 /opt/devkitpro/libogc/lib/wii/libbte.a(hci.o)
                0x000000008005df9c                hci_read_bd_addr
 .text.hci_read_local_version
                0x000000008005e044       0xa4 /opt/devkitpro/libogc/lib/wii/libbte.a(hci.o)
                0x000000008005e044                hci_read_local_version
 .text.hci_read_local_features
                0x000000008005e0e8       0xa8 /opt/devkitpro/libogc/lib/wii/libbte.a(hci.o)
                0x000000008005e0e8                hci_read_local_features
 .text.hci_read_stored_link_key
                0x000000008005e190       0xfc /opt/devkitpro/libogc/lib/wii/libbte.a(hci.o)
                0x000000008005e190                hci_read_stored_link_key
 .text.hci_write_page_timeout
                0x000000008005e28c       0xcc /opt/devkitpro/libogc/lib/wii/libbte.a(hci.o)
                0x000000008005e28c                hci_write_page_timeout
 .text.hci_write_scan_enable
                0x000000008005e358       0xb8 /opt/devkitpro/libogc/lib/wii/libbte.a(hci.o)
                0x000000008005e358                hci_write_scan_enable
 .text.hci_accecpt_conn_request
                0x000000008005e410       0xdc /opt/devkitpro/libogc/lib/wii/libbte.a(hci.o)
                0x000000008005e410                hci_accecpt_conn_request
 .text.hci_write_local_name
                0x000000008005e4ec       0xd4 /opt/devkitpro/libogc/lib/wii/libbte.a(hci.o)
                0x000000008005e4ec                hci_write_local_name
 .text.hci_write_pin_type
                0x000000008005e5c0       0xb8 /opt/devkitpro/libogc/lib/wii/libbte.a(hci.o)
                0x000000008005e5c0                hci_write_pin_type
 .text.hci_write_inquiry_mode
                0x000000008005e678       0xb8 /opt/devkitpro/libogc/lib/wii/libbte.a(hci.o)
                0x000000008005e678                hci_write_inquiry_mode
 .text.hci_write_page_scan_type
                0x000000008005e730       0xb8 /opt/devkitpro/libogc/lib/wii/libbte.a(hci.o)
                0x000000008005e730                hci_write_page_scan_type
 .text.hci_write_inquiry_scan_type
                0x000000008005e7e8       0xb8 /opt/devkitpro/libogc/lib/wii/libbte.a(hci.o)
                0x000000008005e7e8                hci_write_inquiry_scan_type
 .text.hci_vendor_specific_command
                0x000000008005e8a0       0xe4 /opt/devkitpro/libogc/lib/wii/libbte.a(hci.o)
                0x000000008005e8a0                hci_vendor_specific_command
 .text.hci_write_link_policy_settings
                0x000000008005e984      0x100 /opt/devkitpro/libogc/lib/wii/libbte.a(hci.o)
                0x000000008005e984                hci_write_link_policy_settings
 .text.hci_pin_code_request_neg_reply
                0x000000008005ea84       0xc8 /opt/devkitpro/libogc/lib/wii/libbte.a(hci.o)
                0x000000008005ea84                hci_pin_code_request_neg_reply
 .text.hci_link_key_req_neg_reply
                0x000000008005eb4c       0xc8 /opt/devkitpro/libogc/lib/wii/libbte.a(hci.o)
                0x000000008005eb4c                hci_link_key_req_neg_reply
 .text.hci_disconnect
                0x000000008005ec14       0xf8 /opt/devkitpro/libogc/lib/wii/libbte.a(hci.o)